 sending_app1_cgxe

 Timestamp is 6612749d (Sun Apr  7 15:55:33 2024)

 Preferred load address is 0000000180000000

 Start         Length     Name                   Class
 0001:00000000 000166a0H .text$mn                CODE
 0001:000166a0 00000036H .text$mn$00             CODE
 0001:000166d6 00000092H .text$x                 CODE
 0002:00000000 00000320H .idata$5                DATA
 0002:00000320 00000028H .00cfg                  DATA
 0002:00000348 00000008H .CRT$XCA                DATA
 0002:00000350 00000008H .CRT$XCZ                DATA
 0002:00000358 00000008H .CRT$XIA                DATA
 0002:00000360 00000008H .CRT$XIZ                DATA
 0002:00000368 00000008H .CRT$XPA                DATA
 0002:00000370 00000008H .CRT$XPZ                DATA
 0002:00000378 00000008H .CRT$XTA                DATA
 0002:00000380 00000010H .CRT$XTZ                DATA
 0002:00000388 00000000H .gehcont$y              DATA
 0002:00000388 00000000H .gfids$y                DATA
 0002:00000390 000004f0H .rdata                  DATA
 0002:00000880 00000008H .rdata$CastGuardVftablesA DATA
 0002:00000888 00000008H .rdata$CastGuardVftablesC DATA
 0002:00000890 00000150H .rdata$voltmd           DATA
 0002:000009e0 00000278H .rdata$zzzdbg           DATA
 0002:00000c58 00000008H .rtc$IAA                DATA
 0002:00000c60 00000008H .rtc$IZZ                DATA
 0002:00000c68 00000008H .rtc$TAA                DATA
 0002:00000c70 00000008H .rtc$TZZ                DATA
 0002:00000c78 00000f38H .xdata                  DATA
 0002:00001bb0 0000007cH .edata                  DATA
 0002:00001c2c 000000c8H .idata$2                DATA
 0002:00001cf4 00000014H .idata$3                DATA
 0002:00001d08 00000320H .idata$4                DATA
 0002:00002028 00000830H .idata$6                DATA
 0003:00000000 00004850H .data                   DATA
 0003:00004850 00000650H .bss                    DATA
 0004:00000000 0000135cH .pdata                  DATA

  Address         Publics by Value              Rva+Base               Lib:Object

 0000:00000000       __guard_eh_cont_count      0000000000000000     <absolute>
 0000:00000000       __arm64x_extra_rfe_table_size 0000000000000000     <absolute>
 0000:00000000       __guard_fids_table         0000000000000000     <absolute>
 0000:00000000       __hybrid_auxiliary_iat_copy 0000000000000000     <absolute>
 0000:00000000       __arm64x_redirection_metadata 0000000000000000     <absolute>
 0000:00000000       __x64_code_ranges_to_entry_points_count 0000000000000000     <absolute>
 0000:00000000       ___safe_se_handler_count   0000000000000000     <absolute>
 0000:00000000       __guard_check_icall_a64n_fptr 0000000000000000     <absolute>
 0000:00000000       __hybrid_code_map          0000000000000000     <absolute>
 0000:00000000       __guard_longjmp_count      0000000000000000     <absolute>
 0000:00000000       __AbsoluteZero             0000000000000000     <absolute>
 0000:00000000       __x64_code_ranges_to_entry_points 0000000000000000     <absolute>
 0000:00000000       __hybrid_code_map_count    0000000000000000     <absolute>
 0000:00000000       __arm64x_extra_rfe_table   0000000000000000     <absolute>
 0000:00000000       __hybrid_auxiliary_iat     0000000000000000     <absolute>
 0000:00000000       __dynamic_value_reloc_table 0000000000000000     <absolute>
 0000:00000000       __arm64x_redirection_metadata_count 0000000000000000     <absolute>
 0000:00000000       __enclave_config           0000000000000000     <absolute>
 0000:00000000       __guard_longjmp_table      0000000000000000     <absolute>
 0000:00000000       __guard_iat_count          0000000000000000     <absolute>
 0000:00000000       ___safe_se_handler_table   0000000000000000     <absolute>
 0000:00000000       __guard_fids_count         0000000000000000     <absolute>
 0000:00000000       __guard_eh_cont_table      0000000000000000     <absolute>
 0000:00000000       __arm64x_native_entrypoint 0000000000000000     <absolute>
 0000:00000000       __guard_iat_table          0000000000000000     <absolute>
 0000:00000100       __guard_flags              0000000000000100     <absolute>
 0000:00000000       __ImageBase                0000000180000000     <linker-defined>
 0001:00000000       mexfilerequiredapiversion  0000000180001000 f   c_mexapi_version.obj
 0001:00000030       cgxe_sending_app1_method_dispatcher 0000000180001030 f   sending_app1_cgxe.obj
 0001:000003b0       method_dispatcher_39dYKqcIOj3tuPvS2vxNOH 00000001800013b0 f   m_39dYKqcIOj3tuPvS2vxNOH.obj
 0001:00001bf0       cgxe_39dYKqcIOj3tuPvS2vxNOH_BuildInfoUpdate 0000000180002bf0 f   m_39dYKqcIOj3tuPvS2vxNOH.obj
 0001:00001d80       cgxe_39dYKqcIOj3tuPvS2vxNOH_fallback_info 0000000180002d80 f   m_39dYKqcIOj3tuPvS2vxNOH.obj
 0001:00001e20       method_dispatcher_xdwqvjc2V7LaCE05bRJYlC 0000000180002e20 f   m_xdwqvjc2V7LaCE05bRJYlC.obj
 0001:00003660       cgxe_xdwqvjc2V7LaCE05bRJYlC_BuildInfoUpdate 0000000180004660 f   m_xdwqvjc2V7LaCE05bRJYlC.obj
 0001:000037f0       cgxe_xdwqvjc2V7LaCE05bRJYlC_fallback_info 00000001800047f0 f   m_xdwqvjc2V7LaCE05bRJYlC.obj
 0001:00003890       method_dispatcher_1RwBF9z9PNZV0OWrc7avoE 0000000180004890 f   m_1RwBF9z9PNZV0OWrc7avoE.obj
 0001:000050d0       cgxe_1RwBF9z9PNZV0OWrc7avoE_BuildInfoUpdate 00000001800060d0 f   m_1RwBF9z9PNZV0OWrc7avoE.obj
 0001:00005260       cgxe_1RwBF9z9PNZV0OWrc7avoE_fallback_info 0000000180006260 f   m_1RwBF9z9PNZV0OWrc7avoE.obj
 0001:00005300       method_dispatcher_qJo9cy3En3W2FoRCrT1BKC 0000000180006300 f   m_qJo9cy3En3W2FoRCrT1BKC.obj
 0001:00006b40       cgxe_qJo9cy3En3W2FoRCrT1BKC_BuildInfoUpdate 0000000180007b40 f   m_qJo9cy3En3W2FoRCrT1BKC.obj
 0001:00006cd0       cgxe_qJo9cy3En3W2FoRCrT1BKC_fallback_info 0000000180007cd0 f   m_qJo9cy3En3W2FoRCrT1BKC.obj
 0001:00006d70       method_dispatcher_jqQlM94CMO87LGlwjb1OO 0000000180007d70 f   m_jqQlM94CMO87LGlwjb1OO.obj
 0001:000085b0       cgxe_jqQlM94CMO87LGlwjb1OO_BuildInfoUpdate 00000001800095b0 f   m_jqQlM94CMO87LGlwjb1OO.obj
 0001:00008740       cgxe_jqQlM94CMO87LGlwjb1OO_fallback_info 0000000180009740 f   m_jqQlM94CMO87LGlwjb1OO.obj
 0001:000087e0       method_dispatcher_BEVhzztUAu7LIJpT1x8IZC 00000001800097e0 f   m_BEVhzztUAu7LIJpT1x8IZC.obj
 0001:0000a390       cgxe_BEVhzztUAu7LIJpT1x8IZC_BuildInfoUpdate 000000018000b390 f   m_BEVhzztUAu7LIJpT1x8IZC.obj
 0001:0000a520       cgxe_BEVhzztUAu7LIJpT1x8IZC_fallback_info 000000018000b520 f   m_BEVhzztUAu7LIJpT1x8IZC.obj
 0001:0000a5c0       method_dispatcher_fRmvTxZe2uD9E1EgoghCq 000000018000b5c0 f   m_fRmvTxZe2uD9E1EgoghCq.obj
 0001:0000be00       cgxe_fRmvTxZe2uD9E1EgoghCq_BuildInfoUpdate 000000018000ce00 f   m_fRmvTxZe2uD9E1EgoghCq.obj
 0001:0000bf90       cgxe_fRmvTxZe2uD9E1EgoghCq_fallback_info 000000018000cf90 f   m_fRmvTxZe2uD9E1EgoghCq.obj
 0001:0000c030       mexFunction                000000018000d030 f   sending_app1_cgxe_registry.obj
 0001:0000dea0       _ssSetInputPortDirectFeedThroughFcn 000000018000eea0 f   sending_app1_cgxe_registry.obj
 0001:0000e010       _ssSetRWorkValueFcn        000000018000f010 f   sending_app1_cgxe_registry.obj
 0001:0000e090       _ssGetRWorkValueFcn        000000018000f090 f   sending_app1_cgxe_registry.obj
 0001:0000e100       _ssSetIWorkValueFcn        000000018000f100 f   sending_app1_cgxe_registry.obj
 0001:0000e180       _ssGetIWorkValueFcn        000000018000f180 f   sending_app1_cgxe_registry.obj
 0001:0000e1f0       _ssSetPWorkValueFcn        000000018000f1f0 f   sending_app1_cgxe_registry.obj
 0001:0000e270       _ssGetPWorkValueFcn        000000018000f270 f   sending_app1_cgxe_registry.obj
 0001:0000e2e0       _ssGetInputPortSignalFcn   000000018000f2e0 f   sending_app1_cgxe_registry.obj
 0001:0000e670       _ssGetInputPortBufferDstPortFcn 000000018000f670 f   sending_app1_cgxe_registry.obj
 0001:0000e6f0       _ssGetInputPortSignalPtrsFcn 000000018000f6f0 f   sending_app1_cgxe_registry.obj
 0001:0000ea80       ssGetParameterTuningCompliance 000000018000fa80 f   sending_app1_cgxe_registry.obj
 0001:0000eaf0       _ssReadInputStringFcn      000000018000faf0 f   sending_app1_cgxe_registry.obj
 0001:0000eb60       ssGetDTypeIdFromMxArray    000000018000fb60 f   sending_app1_cgxe_registry.obj
 0001:0000ec80       ssWriteRTWMx2dMatParam     000000018000fc80 f   sending_app1_cgxe_registry.obj
 0001:0000ed10       ssWriteRTWMxVectParam      000000018000fd10 f   sending_app1_cgxe_registry.obj
 0001:0000ed90       ssWriteRTWParameters       000000018000fd90 f   sending_app1_cgxe_registry.obj
 0001:0000f350       ssWriteRTWParamSettings    0000000180010350 f   sending_app1_cgxe_registry.obj
 0001:0000fa40       ssWriteRTWStr              0000000180010a40 f   sending_app1_cgxe_registry.obj
 0001:0000faa0       ssWriteRTWWorkVect         0000000180010aa0 f   sending_app1_cgxe_registry.obj
 0001:00010000       ssWarning                  0000000180011000 f   sending_app1_cgxe_registry.obj
 0001:000100f0       ssWriteRTWNameValuePair    00000001800110f0 f   sending_app1_cgxe_registry.obj
 0001:000105f0       _ssSetInputPortMatrixDimensions 00000001800115f0 f   sending_app1_cgxe_registry.obj
 0001:00010740       _ssSetOutputPortMatrixDimensions 0000000180011740 f   sending_app1_cgxe_registry.obj
 0001:00010890       _ssSetInputPortVectorDimension 0000000180011890 f   sending_app1_cgxe_registry.obj
 0001:00010940       _ssSetOutputPortVectorDimension 0000000180011940 f   sending_app1_cgxe_registry.obj
 0001:000109f0       ssIsRunTimeParamTunable    00000001800119f0 f   sending_app1_cgxe_registry.obj
 0001:00010a60       ssGetSFuncBlockHandle      0000000180011a60 f   sending_app1_cgxe_registry.obj
 0001:00010ad0       _ssGetCallSystemNumFcnCallDestinations 0000000180011ad0 f   sending_app1_cgxe_registry.obj
 0001:00010b40       _ssGetCurrentInputPortWidth 0000000180011b40 f   sending_app1_cgxe_registry.obj
 0001:00010c80       _ssGetCurrentOutputPortWidth 0000000180011c80 f   sending_app1_cgxe_registry.obj
 0001:00010dc0       ssGetIsZeroCrossControlDisabled 0000000180011dc0 f   sending_app1_cgxe_registry.obj
 0001:00010e30       ssSetIsInputPortUsedForContZcSignal 0000000180011e30 f   sending_app1_cgxe_registry.obj
 0001:00010ea0       ssSetZcSignalIsZcElementDisc 0000000180011ea0 f   sending_app1_cgxe_registry.obj
 0001:00010f50       ssSetZcSignalName          0000000180011f50 f   sending_app1_cgxe_registry.obj
 0001:00010fc0       ssSetZcSignalWidth         0000000180011fc0 f   sending_app1_cgxe_registry.obj
 0001:00011030       ssSetZcSignalZcEventType   0000000180012030 f   sending_app1_cgxe_registry.obj
 0001:000110a0       ssSetZcSignalType          00000001800120a0 f   sending_app1_cgxe_registry.obj
 0001:00011110       ssSetZcSignalZcTol         0000000180012110 f   sending_app1_cgxe_registry.obj
 0001:00011180       ssSetZcSignalNeedsEventNotification 0000000180012180 f   sending_app1_cgxe_registry.obj
 0001:000111f0       ssCreateAndAddZcSignalInfo 00000001800121f0 f   sending_app1_cgxe_registry.obj
 0001:00011260       ssCloneAndAddZcSignalInfo  0000000180012260 f   sending_app1_cgxe_registry.obj
 0001:000112d0       ssGetNumZcSignals          00000001800122d0 f   sending_app1_cgxe_registry.obj
 0001:00011340       ssGetZcSignalVector        0000000180012340 f   sending_app1_cgxe_registry.obj
 0001:000113b0       ssGetZcSignalName          00000001800123b0 f   sending_app1_cgxe_registry.obj
 0001:00011420       ssGetZcSignalWidth         0000000180012420 f   sending_app1_cgxe_registry.obj
 0001:00011490       ssGetZcSignalZcEventType   0000000180012490 f   sending_app1_cgxe_registry.obj
 0001:00011500       ssGetZcSignalZcEvents      0000000180012500 f   sending_app1_cgxe_registry.obj
 0001:00011570       ssGetZcSignalType          0000000180012570 f   sending_app1_cgxe_registry.obj
 0001:000115e0       ssGetZcSignalZcTol         00000001800125e0 f   sending_app1_cgxe_registry.obj
 0001:00011660       ssGetZcSignalNeedsEventNotification 0000000180012660 f   sending_app1_cgxe_registry.obj
 0001:000116d0       ssGetZcSignalIsZcElementDisc 00000001800126d0 f   sending_app1_cgxe_registry.obj
 0001:00011770       ssGetIsInputPortElementContinuous 0000000180012770 f   sending_app1_cgxe_registry.obj
 0001:00011810       _ssGetAbsTol               0000000180012810 f   sending_app1_cgxe_registry.obj
 0001:00011880       _ssSetStateAbsTol          0000000180012880 f   sending_app1_cgxe_registry.obj
 0001:00011960       _ssSetInputPortReusableFcn 0000000180012960 f   sending_app1_cgxe_registry.obj
 0001:00011a60       _ssSetOutputPortReusableFcn 0000000180012a60 f   sending_app1_cgxe_registry.obj
 0001:00011b60       _ssSetSymbolicDimsSupport  0000000180012b60 f   sending_app1_cgxe_registry.obj
 0001:00011bd0       _ssRegisterSymbolicDimsExpr 0000000180012bd0 f   sending_app1_cgxe_registry.obj
 0001:00011c50       _ssRegisterSymbolicDimsMATLABExpr 0000000180012c50 f   sending_app1_cgxe_registry.obj
 0001:00011cf0       _ssRegisterSymbolicDims    0000000180012cf0 f   sending_app1_cgxe_registry.obj
 0001:00011d90       _ssRegisterSymbolicDimsString 0000000180012d90 f   sending_app1_cgxe_registry.obj
 0001:00011e10       _ssRegisterSymbolicDimsIntValue 0000000180012e10 f   sending_app1_cgxe_registry.obj
 0001:00011e80       _ssRegisterSymbolicEqualRelation 0000000180012e80 f   sending_app1_cgxe_registry.obj
 0001:00011ef0       _ssRegisterSymbolicEqualValue 0000000180012ef0 f   sending_app1_cgxe_registry.obj
 0001:00011f60       _ssAmendLeadingSymbolicDims 0000000180012f60 f   sending_app1_cgxe_registry.obj
 0001:00011fe0       _ssAmendTrailingSymbolicDims 0000000180012fe0 f   sending_app1_cgxe_registry.obj
 0001:00012060       _ssRegisterSymbolicDimsPlus 0000000180013060 f   sending_app1_cgxe_registry.obj
 0001:000120e0       _ssRegisterSymbolicDimsMinus 00000001800130e0 f   sending_app1_cgxe_registry.obj
 0001:00012160       _ssRegisterSymbolicDimsMultiply 0000000180013160 f   sending_app1_cgxe_registry.obj
 0001:000121e0       _ssRegisterSymbolicDimsDivide 00000001800131e0 f   sending_app1_cgxe_registry.obj
 0001:00012260       _ssGetNumSymbolicDims      0000000180013260 f   sending_app1_cgxe_registry.obj
 0001:000122d0       _ssGetSymbolicDim          00000001800132d0 f   sending_app1_cgxe_registry.obj
 0001:00012350       _ssSetInputPortSymbolicDimsId 0000000180013350 f   sending_app1_cgxe_registry.obj
 0001:000123c0       _ssGetCompInputPortSymbolicDimsId 00000001800133c0 f   sending_app1_cgxe_registry.obj
 0001:00012430       _ssSetCompInputPortSymbolicDimsId 0000000180013430 f   sending_app1_cgxe_registry.obj
 0001:000124a0       _ssSetOutputPortSymbolicDimsId 00000001800134a0 f   sending_app1_cgxe_registry.obj
 0001:00012510       _ssGetCompOutputPortSymbolicDimsId 0000000180013510 f   sending_app1_cgxe_registry.obj
 0001:00012580       _ssSetCompOutputPortSymbolicDimsId 0000000180013580 f   sending_app1_cgxe_registry.obj
 0001:000125f0       _ssGetDWorkSymbolicDimsId  00000001800135f0 f   sending_app1_cgxe_registry.obj
 0001:00012660       _ssSetDWorkSymbolicDimsId  0000000180013660 f   sending_app1_cgxe_registry.obj
 0001:000126d0       _ssGetCompDWorkSymbolicDimsId 00000001800136d0 f   sending_app1_cgxe_registry.obj
 0001:00012740       _ssSetCompDWorkSymbolicDimsId 0000000180013740 f   sending_app1_cgxe_registry.obj
 0001:000127b0       _ssCreateSLCGStringBuffer  00000001800137b0 f   sending_app1_cgxe_registry.obj
 0001:00012820       _ssAddToSLCGStringBuffer   0000000180013820 f   sending_app1_cgxe_registry.obj
 0001:00012890       _ssGetPointerContainedData 0000000180013890 f   sending_app1_cgxe_registry.obj
 0001:00012920       _ssGetPointerContainedDataWidth 0000000180013920 f   sending_app1_cgxe_registry.obj
 0001:000129b0       _ssRegisterDynamicArrayDataTypeFcn 00000001800139b0 f   sending_app1_cgxe_registry.obj
 0001:00012a50       _ssGetDynamicArrayContainedDataCurrentWidthFcn 0000000180013a50 f   sending_app1_cgxe_registry.obj
 0001:00012b20       _ssGetDynamicArrayContainedDataFcn 0000000180013b20 f   sending_app1_cgxe_registry.obj
 0001:00012bf0       _ssGetInputPortDynamicArrayDataFcn 0000000180013bf0 f   sending_app1_cgxe_registry.obj
 0001:00012cb0       _ssGetOutputPortDynamicArrayDataFcn 0000000180013cb0 f   sending_app1_cgxe_registry.obj
 0001:00012d70       _ssGetInputPortDynamicArrayContainedDataFcn 0000000180013d70 f   sending_app1_cgxe_registry.obj
 0001:00012e30       _ssGetOutputPortDynamicArrayContainedDataFcn 0000000180013e30 f   sending_app1_cgxe_registry.obj
 0001:00014f40       __local_stdio_printf_options 0000000180015f40 f i sending_app1_cgxe_registry.obj
 0001:00014f50       _vsnprintf_l               0000000180015f50 f i sending_app1_cgxe_registry.obj
 0001:00014fd0       _vsprintf_l                0000000180015fd0 f i sending_app1_cgxe_registry.obj
 0001:00015020       sprintf                    0000000180016020 f i sending_app1_cgxe_registry.obj
 0001:0001506f       mxSetCell_800              000000018001606f f   libmx:libmx.dll
 0001:00015075       mxSetFieldByNumber_800     0000000180016075 f   libmx:libmx.dll
 0001:0001507b       mxCreateString_800         000000018001607b f   libmx:libmx.dll
 0001:00015081       mxCreateCellMatrix_800     0000000180016081 f   libmx:libmx.dll
 0001:00015087       mxCreateStructMatrix_800   0000000180016087 f   libmx:libmx.dll
 0001:0001508d       mxCalloc_800               000000018001608d f   libmx:libmx.dll
 0001:00015093       mxGetM_800                 0000000180016093 f   libmx:libmx.dll
 0001:00015099       mxGetClassID_800           0000000180016099 f   libmx:libmx.dll
 0001:0001509f       mxGetData_800              000000018001609f f   libmx:libmx.dll
 0001:000150a5       mxIsNumeric_800            00000001800160a5 f   libmx:libmx.dll
 0001:000150ab       mxIsChar_800               00000001800160ab f   libmx:libmx.dll
 0001:000150b1       mxIsComplex_800            00000001800160b1 f   libmx:libmx.dll
 0001:000150b7       mxGetN_800                 00000001800160b7 f   libmx:libmx.dll
 0001:000150bd       mxGetPr_800                00000001800160bd f   libmx:libmx.dll
 0001:000150c3       mxSetField_800             00000001800160c3 f   libmx:libmx.dll
 0001:000150c9       mxCreateNumericMatrix_800  00000001800160c9 f   libmx:libmx.dll
 0001:000150cf       mxCreateDoubleMatrix_800   00000001800160cf f   libmx:libmx.dll
 0001:000150d5       mxCreateDoubleScalar_800   00000001800160d5 f   libmx:libmx.dll
 0001:000150db       mxGetString_800            00000001800160db f   libmx:libmx.dll
 0001:000150e1       mexWarnMsgTxt_800          00000001800160e1 f   libmex:libmex.dll
 0001:000150e7       mexPrintf_800              00000001800160e7 f   libmex:libmex.dll
 0001:000150ed       mexCallMATLAB_800          00000001800160ed f   libmex:libmex.dll
 0001:000150f3       mexUnlock_800              00000001800160f3 f   libmex:libmex.dll
 0001:000150f9       mexIsLocked_800            00000001800160f9 f   libmex:libmex.dll
 0001:000150ff       emlrtAlias                 00000001800160ff f   libemlrt:libemlrt.dll
 0001:00015105       emlrtAssign                0000000180016105 f   libemlrt:libemlrt.dll
 0001:0001510b       emlrtCreateStructMatrix    000000018001610b f   libemlrt:libemlrt.dll
 0001:00015111       emlrtGetFieldR2017b        0000000180016111 f   libemlrt:libemlrt.dll
 0001:00015117       emlrtSetFieldR2017b        0000000180016117 f   libemlrt:libemlrt.dll
 0001:0001511d       emlrtCreateCellMatrix      000000018001611d f   libemlrt:libemlrt.dll
 0001:00015123       emlrtSetCell               0000000180016123 f   libemlrt:libemlrt.dll
 0001:00015129       emlrtGetCell               0000000180016129 f   libemlrt:libemlrt.dll
 0001:0001512f       emlrtCreateNumericMatrix   000000018001612f f   libemlrt:libemlrt.dll
 0001:00015135       emlrtCreateLogicalScalar   0000000180016135 f   libemlrt:libemlrt.dll
 0001:0001513b       emlrtCreateCharArray       000000018001613b f   libemlrt:libemlrt.dll
 0001:00015141       emlrtDestroyArray          0000000180016141 f   libemlrt:libemlrt.dll
 0001:00015147       emlrtCallMATLABR2012b      0000000180016147 f   libemlrt:libemlrt.dll
 0001:0001514d       emlrtInitCharArrayR2013a   000000018001614d f   libemlrt:libemlrt.dll
 0001:00015153       emlrtCheckBuiltInR2012b    0000000180016153 f   libemlrt:libemlrt.dll
 0001:00015159       emlrtCheckStructR2012b     0000000180016159 f   libemlrt:libemlrt.dll
 0001:0001515f       emlrtMxGetData             000000018001615f f   libemlrt:libemlrt.dll
 0001:00015165       emlrtMxGetLogicals         0000000180016165 f   libemlrt:libemlrt.dll
 0001:0001516b       cgxertGetInputPortSignal   000000018001616b f   libmwcgxert:libmwcgxert.dll
 0001:00015171       cgxertGetRuntimeInstance   0000000180016171 f   libmwcgxert:libmwcgxert.dll
 0001:00015177       cgxertSetRuntimeInstance   0000000180016177 f   libmwcgxert:libmwcgxert.dll
 0001:0001517d       cgxertGetEMLRTCtx          000000018001617d f   libmwcgxert:libmwcgxert.dll
 0001:00015183       cgxertSetGcb               0000000180016183 f   libmwcgxert:libmwcgxert.dll
 0001:00015189       cgxertRestoreGcb           0000000180016189 f   libmwcgxert:libmwcgxert.dll
 0001:0001518f       cgxertGetOutputPortSignal  000000018001618f f   libmwcgxert:libmwcgxert.dll
 0001:00015198       __GSHandlerCheck           0000000180016198 f   MSVCRT:gshandler.obj
 0001:000151b8       __GSHandlerCheckCommon     00000001800161b8 f   MSVCRT:gshandler.obj
 0001:00015230       __security_check_cookie    0000000180016230 f   MSVCRT:amdsecgs.obj
 0001:00015250       __raise_securityfailure    0000000180016250 f   MSVCRT:gs_report.obj
 0001:00015284       __report_gsfailure         0000000180016284 f   MSVCRT:gs_report.obj
 0001:00015358       __report_rangecheckfailure 0000000180016358 f   MSVCRT:gs_report.obj
 0001:0001536c       __report_securityfailure   000000018001636c f   MSVCRT:gs_report.obj
 0001:00015408       __report_securityfailureEx 0000000180016408 f   MSVCRT:gs_report.obj
 0001:00015938       _CRT_INIT                  0000000180016938 f   MSVCRT:dll_dllmain.obj
 0001:00015940       _DllMainCRTStartup         0000000180016940 f   MSVCRT:dll_dllmain.obj
 0001:000159ec       __security_init_cookie     00000001800169ec f   MSVCRT:gs_support.obj
 0001:00015a98       DllMain                    0000000180016a98 f   MSVCRT:dll_dllmain_stub.obj
 0001:00015abc       ?__scrt_initialize_type_info@@YAXXZ 0000000180016abc f   MSVCRT:tncleanup.obj
 0001:00015acc       ?__scrt_uninitialize_type_info@@YAXXZ 0000000180016acc f   MSVCRT:tncleanup.obj
 0001:00015ad8       __local_stdio_scanf_options 0000000180016ad8 f i MSVCRT:default_local_stdio_options.obj
 0001:00015ae0       __scrt_initialize_default_local_stdio_options 0000000180016ae0 f   MSVCRT:default_local_stdio_options.obj
 0001:00015afc       ?configure_argv@__scrt_narrow_argv_policy@@SAHXZ 0000000180016afc f i MSVCRT:utility.obj
 0001:00015b5c       ?initialize_environment@__scrt_narrow_environment_policy@@SAHXZ 0000000180016b5c f i MSVCRT:utility.obj
 0001:00015b94       NtCurrentTeb               0000000180016b94 f i MSVCRT:utility.obj
 0001:00015ba0       __scrt_acquire_startup_lock 0000000180016ba0 f   MSVCRT:utility.obj
 0001:00015bdc       __scrt_dllmain_after_initialize_c 0000000180016bdc f   MSVCRT:utility.obj
 0001:00015c10       __scrt_dllmain_before_initialize_c 0000000180016c10 f   MSVCRT:utility.obj
 0001:00015c28       __scrt_dllmain_crt_thread_attach 0000000180016c28 f   MSVCRT:utility.obj
 0001:00015c50       __scrt_dllmain_crt_thread_detach 0000000180016c50 f   MSVCRT:utility.obj
 0001:00015c68       __scrt_dllmain_exception_filter 0000000180016c68 f   MSVCRT:utility.obj
 0001:00015cc8       __scrt_dllmain_uninitialize_c 0000000180016cc8 f   MSVCRT:utility.obj
 0001:00015cf8       __scrt_dllmain_uninitialize_critical 0000000180016cf8 f   MSVCRT:utility.obj
 0001:00015d0c       __scrt_initialize_crt      0000000180016d0c f   MSVCRT:utility.obj
 0001:00015d58       __scrt_initialize_onexit_tables 0000000180016d58 f   MSVCRT:utility.obj
 0001:00015de4       __scrt_is_nonwritable_in_current_image 0000000180016de4 f   MSVCRT:utility.obj
 0001:00015e7c       __scrt_release_startup_lock 0000000180016e7c f   MSVCRT:utility.obj
 0001:00015ea0       __scrt_uninitialize_crt    0000000180016ea0 f   MSVCRT:utility.obj
 0001:00015ecc       _onexit                    0000000180016ecc f   MSVCRT:utility.obj
 0001:00015f08       at_quick_exit              0000000180016f08 f   MSVCRT:utility.obj
 0001:00015f28       atexit                     0000000180016f28 f   MSVCRT:utility.obj
 0001:00015f40       __scrt_get_dyn_tls_init_callback 0000000180016f40 f   MSVCRT:dyn_tls_init.obj
 0001:00015f48       __crt_debugger_hook        0000000180016f48 f   MSVCRT:utility_desktop.obj
 0001:00015f50       __scrt_fastfail            0000000180016f50 f   MSVCRT:utility_desktop.obj
 0001:0001609c       __scrt_get_show_window_mode 000000018001709c f   MSVCRT:utility_desktop.obj
 0001:000160d8       __scrt_initialize_mta      00000001800170d8 f   MSVCRT:utility_desktop.obj
 0001:000160e0       __scrt_initialize_winrt    00000001800170e0 f   MSVCRT:utility_desktop.obj
 0001:000160e4       __scrt_is_managed_app      00000001800170e4 f   MSVCRT:utility_desktop.obj
 0001:00016138       __scrt_set_unhandled_exception_filter 0000000180017138 f   MSVCRT:utility_desktop.obj
 0001:00016148       __scrt_exe_initialize_mta  0000000180017148 f   MSVCRT:utility_desktop.obj
 0001:00016148       __scrt_stub_for_initialize_mta 0000000180017148 f   MSVCRT:utility_desktop.obj
 0001:0001614c       __scrt_unhandled_exception_filter 000000018001714c f   MSVCRT:utility_desktop.obj
 0001:000161a8       _RTC_Initialize            00000001800171a8 f   MSVCRT:initsect.obj
 0001:000161e4       _RTC_Terminate             00000001800171e4 f   MSVCRT:initsect.obj
 0001:00016220       _guard_check_icall_nop     0000000180017220 f i MSVCRT:guard_support.obj
 0001:00016224       ReadNoFence64              0000000180017224 f i MSVCRT:guard_support.obj
 0001:00016228       ReadPointerNoFence         0000000180017228 f i MSVCRT:guard_support.obj
 0001:0001622c       __castguard_check_failure_debugbreak 000000018001722c f i MSVCRT:guard_support.obj
 0001:00016248       __castguard_check_failure_fastfail 0000000180017248 f i MSVCRT:guard_support.obj
 0001:0001626c       __castguard_check_failure_nop 000000018001726c f i MSVCRT:guard_support.obj
 0001:00016270       __castguard_check_failure_os_handled 0000000180017270 f i MSVCRT:guard_support.obj
 0001:000162d0       __castguard_slow_path_check_debugbreak 00000001800172d0 f i MSVCRT:guard_support.obj
 0001:00016304       __castguard_slow_path_check_fastfail 0000000180017304 f i MSVCRT:guard_support.obj
 0001:00016340       __castguard_slow_path_check_nop 0000000180017340 f i MSVCRT:guard_support.obj
 0001:00016344       __castguard_slow_path_check_os_handled 0000000180017344 f i MSVCRT:guard_support.obj
 0001:000163b8       _guard_icall_checks_enforced 00000001800173b8 f i MSVCRT:guard_support.obj
 0001:000163d0       _guard_rf_checks_enforced  00000001800173d0 f i MSVCRT:guard_support.obj
 0001:000163d4       __isa_available_init       00000001800173d4 f   MSVCRT:cpu_disp.obj
 0001:00016578       _get_startup_argv_mode     0000000180017578 f   MSVCRT:argv_mode.obj
 0001:00016580       __scrt_is_ucrt_dll_in_use  0000000180017580 f   MSVCRT:ucrt_detection.obj
 0001:00016590       RtlCaptureContext          0000000180017590 f   kernel32:KERNEL32.dll
 0001:00016596       RtlLookupFunctionEntry     0000000180017596 f   kernel32:KERNEL32.dll
 0001:0001659c       RtlVirtualUnwind           000000018001759c f   kernel32:KERNEL32.dll
 0001:000165a2       UnhandledExceptionFilter   00000001800175a2 f   kernel32:KERNEL32.dll
 0001:000165a8       SetUnhandledExceptionFilter 00000001800175a8 f   kernel32:KERNEL32.dll
 0001:000165ae       GetCurrentProcess          00000001800175ae f   kernel32:KERNEL32.dll
 0001:000165b4       TerminateProcess           00000001800175b4 f   kernel32:KERNEL32.dll
 0001:000165ba       IsProcessorFeaturePresent  00000001800175ba f   kernel32:KERNEL32.dll
 0001:000165c0       QueryPerformanceCounter    00000001800175c0 f   kernel32:KERNEL32.dll
 0001:000165c6       GetCurrentProcessId        00000001800175c6 f   kernel32:KERNEL32.dll
 0001:000165cc       GetCurrentThreadId         00000001800175cc f   kernel32:KERNEL32.dll
 0001:000165d2       GetSystemTimeAsFileTime    00000001800175d2 f   kernel32:KERNEL32.dll
 0001:000165d8       DisableThreadLibraryCalls  00000001800175d8 f   kernel32:KERNEL32.dll
 0001:000165de       InitializeSListHead        00000001800175de f   kernel32:KERNEL32.dll
 0001:000165e4       IsDebuggerPresent          00000001800175e4 f   kernel32:KERNEL32.dll
 0001:000165ea       GetStartupInfoW            00000001800175ea f   kernel32:KERNEL32.dll
 0001:000165f0       GetModuleHandleW           00000001800175f0 f   kernel32:KERNEL32.dll
 0001:000165f6       memcpy                     00000001800175f6 f   vcruntime:VCRUNTIME140.dll
 0001:000165fc       __C_specific_handler       00000001800175fc f   vcruntime:VCRUNTIME140.dll
 0001:00016602       __std_type_info_destroy_list 0000000180017602 f   vcruntime:VCRUNTIME140.dll
 0001:00016608       __current_exception        0000000180017608 f   vcruntime:VCRUNTIME140.dll
 0001:0001660e       __current_exception_context 000000018001760e f   vcruntime:VCRUNTIME140.dll
 0001:00016614       memset                     0000000180017614 f   vcruntime:VCRUNTIME140.dll
 0001:0001661a       calloc                     000000018001761a f   ucrt:api-ms-win-crt-heap-l1-1-0.dll
 0001:00016620       free                       0000000180017620 f   ucrt:api-ms-win-crt-heap-l1-1-0.dll
 0001:00016626       strcmp                     0000000180017626 f   ucrt:api-ms-win-crt-string-l1-1-0.dll
 0001:0001662c       strlen                     000000018001762c f   ucrt:api-ms-win-crt-string-l1-1-0.dll
 0001:00016632       __stdio_common_vsprintf    0000000180017632 f   ucrt:api-ms-win-crt-stdio-l1-1-0.dll
 0001:00016638       malloc                     0000000180017638 f   ucrt:api-ms-win-crt-heap-l1-1-0.dll
 0001:0001663e       _initterm                  000000018001763e f   ucrt:api-ms-win-crt-runtime-l1-1-0.dll
 0001:00016644       _initterm_e                0000000180017644 f   ucrt:api-ms-win-crt-runtime-l1-1-0.dll
 0001:0001664a       _seh_filter_dll            000000018001764a f   ucrt:api-ms-win-crt-runtime-l1-1-0.dll
 0001:00016650       _configure_narrow_argv     0000000180017650 f   ucrt:api-ms-win-crt-runtime-l1-1-0.dll
 0001:00016656       _initialize_narrow_environment 0000000180017656 f   ucrt:api-ms-win-crt-runtime-l1-1-0.dll
 0001:0001665c       _initialize_onexit_table   000000018001765c f   ucrt:api-ms-win-crt-runtime-l1-1-0.dll
 0001:00016662       _register_onexit_function  0000000180017662 f   ucrt:api-ms-win-crt-runtime-l1-1-0.dll
 0001:00016668       _execute_onexit_table      0000000180017668 f   ucrt:api-ms-win-crt-runtime-l1-1-0.dll
 0001:0001666e       _crt_atexit                000000018001766e f   ucrt:api-ms-win-crt-runtime-l1-1-0.dll
 0001:00016674       _crt_at_quick_exit         0000000180017674 f   ucrt:api-ms-win-crt-runtime-l1-1-0.dll
 0001:0001667a       _cexit                     000000018001767a f   ucrt:api-ms-win-crt-runtime-l1-1-0.dll
 0001:00016680       terminate                  0000000180017680 f   ucrt:api-ms-win-crt-runtime-l1-1-0.dll
 0001:00016688       __scrt_stub_for_acrt_initialize 0000000180017688 f   MSVCRT:ucrt_stubs.obj
 0001:00016688       __vcrt_initialize          0000000180017688 f   MSVCRT:ucrt_stubs.obj
 0001:00016688       __acrt_initialize          0000000180017688 f   MSVCRT:ucrt_stubs.obj
 0001:0001668c       __scrt_stub_for_acrt_thread_attach 000000018001768c f   MSVCRT:ucrt_stubs.obj
 0001:0001668c       __acrt_thread_attach       000000018001768c f   MSVCRT:ucrt_stubs.obj
 0001:0001668c       __vcrt_thread_attach       000000018001768c f   MSVCRT:ucrt_stubs.obj
 0001:00016690       __vcrt_thread_detach       0000000180017690 f   MSVCRT:ucrt_stubs.obj
 0001:00016690       __scrt_stub_for_acrt_thread_detach 0000000180017690 f   MSVCRT:ucrt_stubs.obj
 0001:00016690       __acrt_thread_detach       0000000180017690 f   MSVCRT:ucrt_stubs.obj
 0001:00016694       __vcrt_uninitialize        0000000180017694 f   MSVCRT:ucrt_stubs.obj
 0001:00016694       __acrt_uninitialize        0000000180017694 f   MSVCRT:ucrt_stubs.obj
 0001:00016694       __scrt_stub_for_acrt_uninitialize 0000000180017694 f   MSVCRT:ucrt_stubs.obj
 0001:00016698       __scrt_stub_for_acrt_uninitialize_critical 0000000180017698 f   MSVCRT:ucrt_stubs.obj
 0001:00016698       __acrt_uninitialize_critical 0000000180017698 f   MSVCRT:ucrt_stubs.obj
 0001:00016698       __vcrt_uninitialize_critical 0000000180017698 f   MSVCRT:ucrt_stubs.obj
 0001:0001669c       _is_c_termination_complete 000000018001769c f   MSVCRT:ucrt_stubs.obj
 0001:0001669c       __scrt_stub_for_is_c_termination_complete 000000018001769c f   MSVCRT:ucrt_stubs.obj
 0001:000166b0       _guard_dispatch_icall_nop  00000001800176b0 f   MSVCRT:guard_dispatch.obj
 0001:000166d0       _guard_xfg_dispatch_icall_nop 00000001800176d0 f   MSVCRT:guard_xfg_dispatch.obj
 0002:00000000       __imp_GetCurrentThreadId   0000000180018000     kernel32:KERNEL32.dll
 0002:00000008       __imp_IsDebuggerPresent    0000000180018008     kernel32:KERNEL32.dll
 0002:00000010       __imp_GetStartupInfoW      0000000180018010     kernel32:KERNEL32.dll
 0002:00000018       __imp_RtlCaptureContext    0000000180018018     kernel32:KERNEL32.dll
 0002:00000020       __imp_RtlLookupFunctionEntry 0000000180018020     kernel32:KERNEL32.dll
 0002:00000028       __imp_RtlVirtualUnwind     0000000180018028     kernel32:KERNEL32.dll
 0002:00000030       __imp_UnhandledExceptionFilter 0000000180018030     kernel32:KERNEL32.dll
 0002:00000038       __imp_SetUnhandledExceptionFilter 0000000180018038     kernel32:KERNEL32.dll
 0002:00000040       __imp_GetCurrentProcess    0000000180018040     kernel32:KERNEL32.dll
 0002:00000048       __imp_TerminateProcess     0000000180018048     kernel32:KERNEL32.dll
 0002:00000050       __imp_IsProcessorFeaturePresent 0000000180018050     kernel32:KERNEL32.dll
 0002:00000058       __imp_QueryPerformanceCounter 0000000180018058     kernel32:KERNEL32.dll
 0002:00000060       __imp_GetCurrentProcessId  0000000180018060     kernel32:KERNEL32.dll
 0002:00000068       __imp_InitializeSListHead  0000000180018068     kernel32:KERNEL32.dll
 0002:00000070       __imp_GetSystemTimeAsFileTime 0000000180018070     kernel32:KERNEL32.dll
 0002:00000078       __imp_DisableThreadLibraryCalls 0000000180018078     kernel32:KERNEL32.dll
 0002:00000080       __imp_GetModuleHandleW     0000000180018080     kernel32:KERNEL32.dll
 0002:00000088       \177KERNEL32_NULL_THUNK_DATA 0000000180018088     kernel32:KERNEL32.dll
 0002:00000090       __imp___current_exception  0000000180018090     vcruntime:VCRUNTIME140.dll
 0002:00000098       __imp___std_type_info_destroy_list 0000000180018098     vcruntime:VCRUNTIME140.dll
 0002:000000a0       __imp___C_specific_handler 00000001800180a0     vcruntime:VCRUNTIME140.dll
 0002:000000a8       __imp_memset               00000001800180a8     vcruntime:VCRUNTIME140.dll
 0002:000000b0       __imp___current_exception_context 00000001800180b0     vcruntime:VCRUNTIME140.dll
 0002:000000b8       __imp_memcpy               00000001800180b8     vcruntime:VCRUNTIME140.dll
 0002:000000c0       \177VCRUNTIME140_NULL_THUNK_DATA 00000001800180c0     vcruntime:VCRUNTIME140.dll
 0002:000000c8       __imp_calloc               00000001800180c8     ucrt:api-ms-win-crt-heap-l1-1-0.dll
 0002:000000d0       __imp_malloc               00000001800180d0     ucrt:api-ms-win-crt-heap-l1-1-0.dll
 0002:000000d8       __imp_free                 00000001800180d8     ucrt:api-ms-win-crt-heap-l1-1-0.dll
 0002:000000e0       \177api-ms-win-crt-heap-l1-1-0_NULL_THUNK_DATA 00000001800180e0     ucrt:api-ms-win-crt-heap-l1-1-0.dll
 0002:000000e8       __imp__seh_filter_dll      00000001800180e8     ucrt:api-ms-win-crt-runtime-l1-1-0.dll
 0002:000000f0       __imp__configure_narrow_argv 00000001800180f0     ucrt:api-ms-win-crt-runtime-l1-1-0.dll
 0002:000000f8       __imp__initialize_narrow_environment 00000001800180f8     ucrt:api-ms-win-crt-runtime-l1-1-0.dll
 0002:00000100       __imp__initialize_onexit_table 0000000180018100     ucrt:api-ms-win-crt-runtime-l1-1-0.dll
 0002:00000108       __imp__initterm_e          0000000180018108     ucrt:api-ms-win-crt-runtime-l1-1-0.dll
 0002:00000110       __imp__execute_onexit_table 0000000180018110     ucrt:api-ms-win-crt-runtime-l1-1-0.dll
 0002:00000118       __imp__crt_atexit          0000000180018118     ucrt:api-ms-win-crt-runtime-l1-1-0.dll
 0002:00000120       __imp__crt_at_quick_exit   0000000180018120     ucrt:api-ms-win-crt-runtime-l1-1-0.dll
 0002:00000128       __imp__cexit               0000000180018128     ucrt:api-ms-win-crt-runtime-l1-1-0.dll
 0002:00000130       __imp_terminate            0000000180018130     ucrt:api-ms-win-crt-runtime-l1-1-0.dll
 0002:00000138       __imp__register_onexit_function 0000000180018138     ucrt:api-ms-win-crt-runtime-l1-1-0.dll
 0002:00000140       __imp__initterm            0000000180018140     ucrt:api-ms-win-crt-runtime-l1-1-0.dll
 0002:00000148       \177api-ms-win-crt-runtime-l1-1-0_NULL_THUNK_DATA 0000000180018148     ucrt:api-ms-win-crt-runtime-l1-1-0.dll
 0002:00000150       __imp___stdio_common_vsprintf 0000000180018150     ucrt:api-ms-win-crt-stdio-l1-1-0.dll
 0002:00000158       \177api-ms-win-crt-stdio-l1-1-0_NULL_THUNK_DATA 0000000180018158     ucrt:api-ms-win-crt-stdio-l1-1-0.dll
 0002:00000160       __imp_strlen               0000000180018160     ucrt:api-ms-win-crt-string-l1-1-0.dll
 0002:00000168       __imp_strcmp               0000000180018168     ucrt:api-ms-win-crt-string-l1-1-0.dll
 0002:00000170       \177api-ms-win-crt-string-l1-1-0_NULL_THUNK_DATA 0000000180018170     ucrt:api-ms-win-crt-string-l1-1-0.dll
 0002:00000178       __imp_emlrtMxGetLogicals   0000000180018178     libemlrt:libemlrt.dll
 0002:00000180       __imp_emlrtMxGetData       0000000180018180     libemlrt:libemlrt.dll
 0002:00000188       __imp_emlrtAlias           0000000180018188     libemlrt:libemlrt.dll
 0002:00000190       __imp_emlrtAssign          0000000180018190     libemlrt:libemlrt.dll
 0002:00000198       __imp_emlrtCreateStructMatrix 0000000180018198     libemlrt:libemlrt.dll
 0002:000001a0       __imp_emlrtCheckStructR2012b 00000001800181a0     libemlrt:libemlrt.dll
 0002:000001a8       __imp_emlrtCheckBuiltInR2012b 00000001800181a8     libemlrt:libemlrt.dll
 0002:000001b0       __imp_emlrtCallMATLABR2012b 00000001800181b0     libemlrt:libemlrt.dll
 0002:000001b8       __imp_emlrtDestroyArray    00000001800181b8     libemlrt:libemlrt.dll
 0002:000001c0       __imp_emlrtCreateCharArray 00000001800181c0     libemlrt:libemlrt.dll
 0002:000001c8       __imp_emlrtCreateLogicalScalar 00000001800181c8     libemlrt:libemlrt.dll
 0002:000001d0       __imp_emlrtCreateNumericMatrix 00000001800181d0     libemlrt:libemlrt.dll
 0002:000001d8       __imp_emlrtGetCell         00000001800181d8     libemlrt:libemlrt.dll
 0002:000001e0       __imp_emlrtSetCell         00000001800181e0     libemlrt:libemlrt.dll
 0002:000001e8       __imp_emlrtCreateCellMatrix 00000001800181e8     libemlrt:libemlrt.dll
 0002:000001f0       __imp_emlrtSetFieldR2017b  00000001800181f0     libemlrt:libemlrt.dll
 0002:000001f8       __imp_emlrtGetFieldR2017b  00000001800181f8     libemlrt:libemlrt.dll
 0002:00000200       __imp_emlrtInitCharArrayR2013a 0000000180018200     libemlrt:libemlrt.dll
 0002:00000208       \177libemlrt_NULL_THUNK_DATA 0000000180018208     libemlrt:libemlrt.dll
 0002:00000210       __imp_mexWarnMsgTxt_800    0000000180018210     libmex:libmex.dll
 0002:00000218       __imp_mexPrintf_800        0000000180018218     libmex:libmex.dll
 0002:00000220       __imp_mexIsLocked_800      0000000180018220     libmex:libmex.dll
 0002:00000228       __imp_mexUnlock_800        0000000180018228     libmex:libmex.dll
 0002:00000230       __imp_mexCallMATLAB_800    0000000180018230     libmex:libmex.dll
 0002:00000238       \177libmex_NULL_THUNK_DATA 0000000180018238     libmex:libmex.dll
 0002:00000240       __imp_cgxertGetEMLRTCtx    0000000180018240     libmwcgxert:libmwcgxert.dll
 0002:00000248       __imp_cgxertSetRuntimeInstance 0000000180018248     libmwcgxert:libmwcgxert.dll
 0002:00000250       __imp_cgxertGetRuntimeInstance 0000000180018250     libmwcgxert:libmwcgxert.dll
 0002:00000258       __imp_cgxertGetInputPortSignal 0000000180018258     libmwcgxert:libmwcgxert.dll
 0002:00000260       __imp_cgxertRestoreGcb     0000000180018260     libmwcgxert:libmwcgxert.dll
 0002:00000268       __imp_cgxertGetOutputPortSignal 0000000180018268     libmwcgxert:libmwcgxert.dll
 0002:00000270       __imp_cgxertSetGcb         0000000180018270     libmwcgxert:libmwcgxert.dll
 0002:00000278       \177libmwcgxert_NULL_THUNK_DATA 0000000180018278     libmwcgxert:libmwcgxert.dll
 0002:00000280       __imp_mxSetFieldByNumber_800 0000000180018280     libmx:libmx.dll
 0002:00000288       __imp_mxGetString_800      0000000180018288     libmx:libmx.dll
 0002:00000290       __imp_mxCreateDoubleScalar_800 0000000180018290     libmx:libmx.dll
 0002:00000298       __imp_mxCreateDoubleMatrix_800 0000000180018298     libmx:libmx.dll
 0002:000002a0       __imp_mxCreateNumericMatrix_800 00000001800182a0     libmx:libmx.dll
 0002:000002a8       __imp_mxSetField_800       00000001800182a8     libmx:libmx.dll
 0002:000002b0       __imp_mxGetPr_800          00000001800182b0     libmx:libmx.dll
 0002:000002b8       __imp_mxGetN_800           00000001800182b8     libmx:libmx.dll
 0002:000002c0       __imp_mxIsComplex_800      00000001800182c0     libmx:libmx.dll
 0002:000002c8       __imp_mxIsChar_800         00000001800182c8     libmx:libmx.dll
 0002:000002d0       __imp_mxIsNumeric_800      00000001800182d0     libmx:libmx.dll
 0002:000002d8       __imp_mxGetData_800        00000001800182d8     libmx:libmx.dll
 0002:000002e0       __imp_mxGetClassID_800     00000001800182e0     libmx:libmx.dll
 0002:000002e8       __imp_mxGetM_800           00000001800182e8     libmx:libmx.dll
 0002:000002f0       __imp_mxCalloc_800         00000001800182f0     libmx:libmx.dll
 0002:000002f8       __imp_mxCreateStructMatrix_800 00000001800182f8     libmx:libmx.dll
 0002:00000300       __imp_mxCreateCellMatrix_800 0000000180018300     libmx:libmx.dll
 0002:00000308       __imp_mxCreateString_800   0000000180018308     libmx:libmx.dll
 0002:00000310       __imp_mxSetCell_800        0000000180018310     libmx:libmx.dll
 0002:00000318       \177libmx_NULL_THUNK_DATA  0000000180018318     libmx:libmx.dll
 0002:00000320       __guard_check_icall_fptr   0000000180018320     MSVCRT:guard_support.obj
 0002:00000328       __guard_xfg_check_icall_fptr 0000000180018328     MSVCRT:guard_support.obj
 0002:00000330       __guard_dispatch_icall_fptr 0000000180018330     MSVCRT:guard_support.obj
 0002:00000338       __guard_xfg_dispatch_icall_fptr 0000000180018338     MSVCRT:guard_support.obj
 0002:00000340       __guard_xfg_table_dispatch_icall_fptr 0000000180018340     MSVCRT:guard_support.obj
 0002:00000348       __xc_a                     0000000180018348     MSVCRT:initializers.obj
 0002:00000350       __xc_z                     0000000180018350     MSVCRT:initializers.obj
 0002:00000358       __xi_a                     0000000180018358     MSVCRT:initializers.obj
 0002:00000360       __xi_z                     0000000180018360     MSVCRT:initializers.obj
 0002:00000368       __xp_a                     0000000180018368     MSVCRT:initializers.obj
 0002:00000370       __xp_z                     0000000180018370     MSVCRT:initializers.obj
 0002:00000378       __xt_a                     0000000180018378     MSVCRT:initializers.obj
 0002:00000380       __xt_z                     0000000180018380     MSVCRT:initializers.obj
 0002:000005f8       DYNAMIC_DIMENSION_DEF      00000001800185f8     sending_app1_cgxe_registry.obj
 0002:00000610       __real@0000000000000000    0000000180018610     sending_app1_cgxe_registry.obj
 0002:00000618       __real@4010000000000000    0000000180018618     sending_app1_cgxe_registry.obj
 0002:00000620       __real@41602cbca0000000    0000000180018620     sending_app1_cgxe_registry.obj
 0002:00000628       __real@41b8e9434c000000    0000000180018628     sending_app1_cgxe_registry.obj
 0002:00000630       __real@41c0ecbc95000000    0000000180018630     sending_app1_cgxe_registry.obj
 0002:00000638       __real@41c35ff764800000    0000000180018638     sending_app1_cgxe_registry.obj
 0002:00000640       __real@41d10d8b17c00000    0000000180018640     sending_app1_cgxe_registry.obj
 0002:00000648       __real@41d62c60cb000000    0000000180018648     sending_app1_cgxe_registry.obj
 0002:00000650       __real@41dc67f553c00000    0000000180018650     sending_app1_cgxe_registry.obj
 0002:00000658       __real@41dcbe1497000000    0000000180018658     sending_app1_cgxe_registry.obj
 0002:00000660       __real@41e13401bfc00000    0000000180018660     sending_app1_cgxe_registry.obj
 0002:00000668       __real@41e2069ed9a00000    0000000180018668     sending_app1_cgxe_registry.obj
 0002:00000670       __real@41e21839c3e00000    0000000180018670     sending_app1_cgxe_registry.obj
 0002:00000678       __real@41e2fdf5bdc00000    0000000180018678     sending_app1_cgxe_registry.obj
 0002:00000680       __real@41e4392714400000    0000000180018680     sending_app1_cgxe_registry.obj
 0002:00000688       __real@41e5b0b712600000    0000000180018688     sending_app1_cgxe_registry.obj
 0002:00000690       __real@41e75101a3800000    0000000180018690     sending_app1_cgxe_registry.obj
 0002:00000698       __real@41e8208319600000    0000000180018698     sending_app1_cgxe_registry.obj
 0002:000006a0       __real@41ed10d537e00000    00000001800186a0     sending_app1_cgxe_registry.obj
 0002:000006a8       __real@bff0000000000000    00000001800186a8     sending_app1_cgxe_registry.obj
 0002:000006c0       _pDefaultRawDllMain        00000001800186c0     MSVCRT:dll_dllmain.obj
 0002:000006c0       _pRawDllMain               00000001800186c0     MSVCRT:dll_dllmain.obj
 0002:000006d0       __xmm@ffffffffffffffffffffffffffffffff 00000001800186d0     MSVCRT:utility.obj
 0002:00000700       _load_config_used          0000000180018700     MSVCRT:loadcfg.obj
 0002:00000880       __CastGuardVftablesStart   0000000180018880     MSVCRT:guard_support.obj
 0002:00000888       __CastGuardVftablesEnd     0000000180018888     MSVCRT:guard_support.obj
 0002:00000890       __volatile_metadata        0000000180018890     <linker-defined>
 0002:00000c58       __rtc_iaa                  0000000180018c58     MSVCRT:initsect.obj
 0002:00000c60       __rtc_izz                  0000000180018c60     MSVCRT:initsect.obj
 0002:00000c68       __rtc_taa                  0000000180018c68     MSVCRT:initsect.obj
 0002:00000c70       __rtc_tzz                  0000000180018c70     MSVCRT:initsect.obj
 0002:00001c2c       __IMPORT_DESCRIPTOR_libmx  0000000180019c2c     libmx:libmx.dll
 0002:00001c40       __IMPORT_DESCRIPTOR_libmex 0000000180019c40     libmex:libmex.dll
 0002:00001c54       __IMPORT_DESCRIPTOR_libemlrt 0000000180019c54     libemlrt:libemlrt.dll
 0002:00001c68       __IMPORT_DESCRIPTOR_libmwcgxert 0000000180019c68     libmwcgxert:libmwcgxert.dll
 0002:00001c7c       __IMPORT_DESCRIPTOR_KERNEL32 0000000180019c7c     kernel32:KERNEL32.dll
 0002:00001c90       __IMPORT_DESCRIPTOR_VCRUNTIME140 0000000180019c90     vcruntime:VCRUNTIME140.dll
 0002:00001ca4       __IMPORT_DESCRIPTOR_api-ms-win-crt-heap-l1-1-0 0000000180019ca4     ucrt:api-ms-win-crt-heap-l1-1-0.dll
 0002:00001cb8       __IMPORT_DESCRIPTOR_api-ms-win-crt-string-l1-1-0 0000000180019cb8     ucrt:api-ms-win-crt-string-l1-1-0.dll
 0002:00001ccc       __IMPORT_DESCRIPTOR_api-ms-win-crt-stdio-l1-1-0 0000000180019ccc     ucrt:api-ms-win-crt-stdio-l1-1-0.dll
 0002:00001ce0       __IMPORT_DESCRIPTOR_api-ms-win-crt-runtime-l1-1-0 0000000180019ce0     ucrt:api-ms-win-crt-runtime-l1-1-0.dll
 0002:00001cf4       __NULL_IMPORT_DESCRIPTOR   0000000180019cf4     libmx:libmx.dll
 0003:00002520       DYNAMIC_DIMENSION          000000018001d520     sending_app1_cgxe_registry.obj
 0003:00004810       __security_cookie_complement 000000018001f810     MSVCRT:gs_cookie.obj
 0003:00004818       __security_cookie          000000018001f818     MSVCRT:gs_cookie.obj
 0003:00004820       _fltused                   000000018001f820     MSVCRT:fltused.obj
 0003:00004824       __scrt_native_dllmain_reason 000000018001f824     MSVCRT:utility.obj
 0003:00004828       __isa_available            000000018001f828     MSVCRT:cpu_disp.obj
 0003:0000482c       __isa_enabled              000000018001f82c     MSVCRT:cpu_disp.obj
 0003:00004830       __memcpy_nt_iters          000000018001f830     MSVCRT:cpu_disp.obj
 0003:00004838       __memset_nt_iters          000000018001f838     MSVCRT:cpu_disp.obj
 0003:00004840       __scrt_ucrt_dll_is_in_use  000000018001f840     MSVCRT:ucrt_stubs.obj
 0003:00004e10       ?__type_info_root_node@@3U__type_info_node@@A 000000018001fe10     MSVCRT:tncleanup.obj
 0003:00004e20       ?_OptionsStorage@?1??__local_stdio_printf_options@@9@4_KA 000000018001fe20     MSVCRT:default_local_stdio_options.obj
 0003:00004e28       ?_OptionsStorage@?1??__local_stdio_scanf_options@@9@4_KA 000000018001fe28     MSVCRT:default_local_stdio_options.obj
 0003:00004e30       __scrt_current_native_startup_state 000000018001fe30     MSVCRT:utility.obj
 0003:00004e38       __scrt_native_startup_lock 000000018001fe38     MSVCRT:utility.obj
 0003:00004e78       __scrt_debugger_hook_flag  000000018001fe78     MSVCRT:utility_desktop.obj
 0003:00004e80       __castguard_check_failure_os_handled_fptr 000000018001fe80     MSVCRT:guard_support.obj
 0003:00004e88       __favor                    000000018001fe88     MSVCRT:cpu_disp.obj
 0003:00004e90       ?_OptionsStorage@?1??__local_stdio_printf_options@@9@9 000000018001fe90     <common>
 0003:00004e98       __dyn_tls_init_callback    000000018001fe98     <common>

 entry point at        0001:00015940

 Static symbols

 0000:fffde000       _volmd                     0000000180000000     m_1RwBF9z9PNZV0OWrc7avoE.obj
 0000:fffde000       _volmd                     0000000180000000     m_39dYKqcIOj3tuPvS2vxNOH.obj
 0000:fffde000       _volmd                     0000000180000000     m_BEVhzztUAu7LIJpT1x8IZC.obj
 0000:fffde000       _volmd                     0000000180000000     m_fRmvTxZe2uD9E1EgoghCq.obj
 0000:fffde000       _volmd                     0000000180000000     m_jqQlM94CMO87LGlwjb1OO.obj
 0000:fffde000       _volmd                     0000000180000000     m_qJo9cy3En3W2FoRCrT1BKC.obj
 0000:fffde000       _volmd                     0000000180000000     m_xdwqvjc2V7LaCE05bRJYlC.obj
 0000:00000000       .debug$S                   0000000180000000     sending_app1_cgxe.exp
 0000:fffde000       _volmd                     0000000180000000     sending_app1_cgxe_registry.obj
 0000:fffde000       _volmd                     0000000180000000     MSVCRT:cpu_disp.obj
 0002:fffe8000       __guard_ehcont_?dllmain_dispatch@@YAHQEAUHINSTANCE__@@KQEAX@Z 0000000180000000     MSVCRT:dll_dllmain.obj
 0002:fffe8000       __guard_fids_?dllmain_dispatch@@YAHQEAUHINSTANCE__@@KQEAX@Z 0000000180000000     MSVCRT:dll_dllmain.obj
 0000:fffde000       _volmd                     0000000180000000     MSVCRT:gs_report.obj
 0000:fffde000       _volmd                     0000000180000000     MSVCRT:gs_report.obj
 0000:fffde000       _volmd                     0000000180000000     MSVCRT:gs_report.obj
 0002:fffe8000       __guard_fids__             0000000180000000     MSVCRT:guard_support.obj
 0002:fffe8000       __guard_fids__             0000000180000000     MSVCRT:guard_support.obj
 0002:fffe8000       __guard_fids__guard_icall_checks_enforced 0000000180000000     MSVCRT:guard_support.obj
 0000:fffde000       _volmd                     0000000180000000     MSVCRT:guard_support.obj
 0000:fffde000       _volmd                     0000000180000000     MSVCRT:guard_support.obj
 0000:fffde000       _volmd                     0000000180000000     MSVCRT:guard_support.obj
 0000:fffde000       _volmd                     0000000180000000     MSVCRT:guard_support.obj
 0000:fffde000       _volmd                     0000000180000000     MSVCRT:guard_support.obj
 0002:fffe8000       __guard_ehcont___scrt_is_nonwritable_in_current_image 0000000180000000     MSVCRT:utility.obj
 0000:fffde000       _volmd                     0000000180000000     MSVCRT:utility.obj
 0000:fffde000       _volmd                     0000000180000000     MSVCRT:utility.obj
 0000:fffde000       _volmd                     0000000180000000     MSVCRT:utility.obj
 0002:fffe8000       __guard_fids___scrt_set_unhandled_exception_filter 0000000180000000     MSVCRT:utility_desktop.obj
 0000:fffde000       _volmd                     0000000180000000     MSVCRT:utility_desktop.obj
 0000:00000000       .debug$S                   0000000180000000     vcruntime:VCRUNTIME140.dll
 0000:00000000       .debug$S                   0000000180000000     vcruntime:VCRUNTIME140.dll
 0000:00000000       .debug$S                   0000000180000000     vcruntime:VCRUNTIME140.dll
 0000:00000000       .debug$S                   0000000180000000     vcruntime:VCRUNTIME140.dll
 0000:00000000       .debug$S                   0000000180000000     vcruntime:VCRUNTIME140.dll
 0000:00000000       .debug$S                   0000000180000000     vcruntime:VCRUNTIME140.dll
 0000:00000000       .debug$S                   0000000180000000     ucrt:api-ms-win-crt-heap-l1-1-0.dll
 0000:00000000       .debug$S                   0000000180000000     ucrt:api-ms-win-crt-heap-l1-1-0.dll
 0000:00000000       .debug$S                   0000000180000000     ucrt:api-ms-win-crt-heap-l1-1-0.dll
 0000:00000000       .debug$S                   0000000180000000     ucrt:api-ms-win-crt-runtime-l1-1-0.dll
 0000:00000000       .debug$S                   0000000180000000     ucrt:api-ms-win-crt-runtime-l1-1-0.dll
 0000:00000000       .debug$S                   0000000180000000     ucrt:api-ms-win-crt-runtime-l1-1-0.dll
 0000:00000000       .debug$S                   0000000180000000     ucrt:api-ms-win-crt-runtime-l1-1-0.dll
 0000:00000000       .debug$S                   0000000180000000     ucrt:api-ms-win-crt-runtime-l1-1-0.dll
 0000:00000000       .debug$S                   0000000180000000     ucrt:api-ms-win-crt-runtime-l1-1-0.dll
 0000:00000000       .debug$S                   0000000180000000     ucrt:api-ms-win-crt-runtime-l1-1-0.dll
 0000:00000000       .debug$S                   0000000180000000     ucrt:api-ms-win-crt-runtime-l1-1-0.dll
 0000:00000000       .debug$S                   0000000180000000     ucrt:api-ms-win-crt-runtime-l1-1-0.dll
 0000:00000000       .debug$S                   0000000180000000     ucrt:api-ms-win-crt-runtime-l1-1-0.dll
 0000:00000000       .debug$S                   0000000180000000     ucrt:api-ms-win-crt-runtime-l1-1-0.dll
 0000:00000000       .debug$S                   0000000180000000     ucrt:api-ms-win-crt-runtime-l1-1-0.dll
 0000:00000000       .debug$S                   0000000180000000     ucrt:api-ms-win-crt-stdio-l1-1-0.dll
 0000:00000000       .debug$S                   0000000180000000     ucrt:api-ms-win-crt-string-l1-1-0.dll
 0000:00000000       .debug$S                   0000000180000000     ucrt:api-ms-win-crt-string-l1-1-0.dll
 0000:00000000       .debug$S                   0000000180000000     kernel32:KERNEL32.dll
 0000:00000000       .debug$S                   0000000180000000     kernel32:KERNEL32.dll
 0000:00000000       .debug$S                   0000000180000000     kernel32:KERNEL32.dll
 0000:00000000       .debug$S                   0000000180000000     kernel32:KERNEL32.dll
 0000:00000000       .debug$S                   0000000180000000     kernel32:KERNEL32.dll
 0000:00000000       .debug$S                   0000000180000000     kernel32:KERNEL32.dll
 0000:00000000       .debug$S                   0000000180000000     kernel32:KERNEL32.dll
 0000:00000000       .debug$S                   0000000180000000     kernel32:KERNEL32.dll
 0000:00000000       .debug$S                   0000000180000000     kernel32:KERNEL32.dll
 0000:00000000       .debug$S                   0000000180000000     kernel32:KERNEL32.dll
 0000:00000000       .debug$S                   0000000180000000     kernel32:KERNEL32.dll
 0000:00000000       .debug$S                   0000000180000000     kernel32:KERNEL32.dll
 0000:00000000       .debug$S                   0000000180000000     kernel32:KERNEL32.dll
 0000:00000000       .debug$S                   0000000180000000     kernel32:KERNEL32.dll
 0000:00000000       .debug$S                   0000000180000000     kernel32:KERNEL32.dll
 0000:00000000       .debug$S                   0000000180000000     kernel32:KERNEL32.dll
 0000:00000000       .debug$S                   0000000180000000     kernel32:KERNEL32.dll
 0000:00000000       .debug$S                   0000000180000000     libemlrt:libemlrt.dll
 0000:00000000       .debug$S                   0000000180000000     libemlrt:libemlrt.dll
 0000:00000000       .debug$S                   0000000180000000     libemlrt:libemlrt.dll
 0000:00000000       .debug$S                   0000000180000000     libemlrt:libemlrt.dll
 0000:00000000       .debug$S                   0000000180000000     libemlrt:libemlrt.dll
 0000:00000000       .debug$S                   0000000180000000     libemlrt:libemlrt.dll
 0000:00000000       .debug$S                   0000000180000000     libemlrt:libemlrt.dll
 0000:00000000       .debug$S                   0000000180000000     libemlrt:libemlrt.dll
 0000:00000000       .debug$S                   0000000180000000     libemlrt:libemlrt.dll
 0000:00000000       .debug$S                   0000000180000000     libemlrt:libemlrt.dll
 0000:00000000       .debug$S                   0000000180000000     libemlrt:libemlrt.dll
 0000:00000000       .debug$S                   0000000180000000     libemlrt:libemlrt.dll
 0000:00000000       .debug$S                   0000000180000000     libemlrt:libemlrt.dll
 0000:00000000       .debug$S                   0000000180000000     libemlrt:libemlrt.dll
 0000:00000000       .debug$S                   0000000180000000     libemlrt:libemlrt.dll
 0000:00000000       .debug$S                   0000000180000000     libemlrt:libemlrt.dll
 0000:00000000       .debug$S                   0000000180000000     libemlrt:libemlrt.dll
 0000:00000000       .debug$S                   0000000180000000     libemlrt:libemlrt.dll
 0000:00000000       .debug$S                   0000000180000000     libmex:libmex.dll
 0000:00000000       .debug$S                   0000000180000000     libmex:libmex.dll
 0000:00000000       .debug$S                   0000000180000000     libmex:libmex.dll
 0000:00000000       .debug$S                   0000000180000000     libmex:libmex.dll
 0000:00000000       .debug$S                   0000000180000000     libmex:libmex.dll
 0000:00000000       .debug$S                   0000000180000000     libmwcgxert:libmwcgxert.dll
 0000:00000000       .debug$S                   0000000180000000     libmwcgxert:libmwcgxert.dll
 0000:00000000       .debug$S                   0000000180000000     libmwcgxert:libmwcgxert.dll
 0000:00000000       .debug$S                   0000000180000000     libmwcgxert:libmwcgxert.dll
 0000:00000000       .debug$S                   0000000180000000     libmwcgxert:libmwcgxert.dll
 0000:00000000       .debug$S                   0000000180000000     libmwcgxert:libmwcgxert.dll
 0000:00000000       .debug$S                   0000000180000000     libmwcgxert:libmwcgxert.dll
 0000:00000000       .debug$S                   0000000180000000     libmx:libmx.dll
 0000:00000000       .debug$S                   0000000180000000     libmx:libmx.dll
 0000:00000000       .debug$S                   0000000180000000     libmx:libmx.dll
 0000:00000000       .debug$S                   0000000180000000     libmx:libmx.dll
 0000:00000000       .debug$S                   0000000180000000     libmx:libmx.dll
 0000:00000000       .debug$S                   0000000180000000     libmx:libmx.dll
 0000:00000000       .debug$S                   0000000180000000     libmx:libmx.dll
 0000:00000000       .debug$S                   0000000180000000     libmx:libmx.dll
 0000:00000000       .debug$S                   0000000180000000     libmx:libmx.dll
 0000:00000000       .debug$S                   0000000180000000     libmx:libmx.dll
 0000:00000000       .debug$S                   0000000180000000     libmx:libmx.dll
 0000:00000000       .debug$S                   0000000180000000     libmx:libmx.dll
 0000:00000000       .debug$S                   0000000180000000     libmx:libmx.dll
 0000:00000000       .debug$S                   0000000180000000     libmx:libmx.dll
 0000:00000000       .debug$S                   0000000180000000     libmx:libmx.dll
 0000:00000000       .debug$S                   0000000180000000     libmx:libmx.dll
 0000:00000000       .debug$S                   0000000180000000     libmx:libmx.dll
 0000:00000000       .debug$S                   0000000180000000     libmx:libmx.dll
 0000:00000000       .debug$S                   0000000180000000     libmx:libmx.dll
 0000:fffde010       _volmd                     0000000180000010     m_1RwBF9z9PNZV0OWrc7avoE.obj
 0000:fffde010       _volmd                     0000000180000010     m_39dYKqcIOj3tuPvS2vxNOH.obj
 0000:fffde010       _volmd                     0000000180000010     m_BEVhzztUAu7LIJpT1x8IZC.obj
 0000:fffde010       _volmd                     0000000180000010     m_fRmvTxZe2uD9E1EgoghCq.obj
 0000:fffde010       _volmd                     0000000180000010     m_jqQlM94CMO87LGlwjb1OO.obj
 0000:fffde010       _volmd                     0000000180000010     m_qJo9cy3En3W2FoRCrT1BKC.obj
 0000:fffde010       _volmd                     0000000180000010     m_xdwqvjc2V7LaCE05bRJYlC.obj
 0000:fffde010       _volmd                     0000000180000010     sending_app1_cgxe_registry.obj
 0000:fffde020       _volmd                     0000000180000020     m_1RwBF9z9PNZV0OWrc7avoE.obj
 0000:fffde020       _volmd                     0000000180000020     m_39dYKqcIOj3tuPvS2vxNOH.obj
 0000:fffde020       _volmd                     0000000180000020     m_BEVhzztUAu7LIJpT1x8IZC.obj
 0000:fffde020       _volmd                     0000000180000020     m_fRmvTxZe2uD9E1EgoghCq.obj
 0000:fffde020       _volmd                     0000000180000020     m_jqQlM94CMO87LGlwjb1OO.obj
 0000:fffde020       _volmd                     0000000180000020     m_qJo9cy3En3W2FoRCrT1BKC.obj
 0000:fffde020       _volmd                     0000000180000020     m_xdwqvjc2V7LaCE05bRJYlC.obj
 0000:fffde020       _volmd                     0000000180000020     sending_app1_cgxe_registry.obj
 0000:fffde030       _volmd                     0000000180000030     m_BEVhzztUAu7LIJpT1x8IZC.obj
 0000:fffde030       _volmd                     0000000180000030     sending_app1_cgxe_registry.obj
 0000:fffde040       _volmd                     0000000180000040     m_BEVhzztUAu7LIJpT1x8IZC.obj
 0000:fffde040       _volmd                     0000000180000040     sending_app1_cgxe_registry.obj
 0000:fffde050       _volmd                     0000000180000050     sending_app1_cgxe_registry.obj
 0000:fffde060       _volmd                     0000000180000060     sending_app1_cgxe_registry.obj
 0000:fffde070       _volmd                     0000000180000070     sending_app1_cgxe_registry.obj
 0000:fffde080       _volmd                     0000000180000080     sending_app1_cgxe_registry.obj
 0000:fffde090       _volmd                     0000000180000090     sending_app1_cgxe_registry.obj
 0000:fffde0a0       _volmd                     00000001800000a0     sending_app1_cgxe_registry.obj
 0000:fffde0b0       _volmd                     00000001800000b0     sending_app1_cgxe_registry.obj
 0000:fffde0c0       _volmd                     00000001800000c0     sending_app1_cgxe_registry.obj
 0000:fffde0d0       _volmd                     00000001800000d0     sending_app1_cgxe_registry.obj
 0000:fffde0e0       _volmd                     00000001800000e0     sending_app1_cgxe_registry.obj
 0001:00000440       cgxe_mdl_start             0000000180001440 f   m_39dYKqcIOj3tuPvS2vxNOH.obj
 0001:000004d0       cgxe_mdl_initialize        00000001800014d0 f   m_39dYKqcIOj3tuPvS2vxNOH.obj
 0001:00000550       cgxe_mdl_outputs           0000000180001550 f   m_39dYKqcIOj3tuPvS2vxNOH.obj
 0001:000005d0       cgxe_mdl_update            00000001800015d0 f   m_39dYKqcIOj3tuPvS2vxNOH.obj
 0001:000005e0       cgxe_mdl_enable            00000001800015e0 f   m_39dYKqcIOj3tuPvS2vxNOH.obj
 0001:000005f0       cgxe_mdl_disable           00000001800015f0 f   m_39dYKqcIOj3tuPvS2vxNOH.obj
 0001:00000600       cgxe_mdl_terminate         0000000180001600 f   m_39dYKqcIOj3tuPvS2vxNOH.obj
 0001:00000650       mw__internal__call__setup  0000000180001650 f   m_39dYKqcIOj3tuPvS2vxNOH.obj
 0001:00000740       SystemCore_setup           0000000180001740 f   m_39dYKqcIOj3tuPvS2vxNOH.obj
 0001:000009f0       mw__internal__call__reset  00000001800019f0 f   m_39dYKqcIOj3tuPvS2vxNOH.obj
 0001:00000d40       mw__internal__call__step   0000000180001d40 f   m_39dYKqcIOj3tuPvS2vxNOH.obj
 0001:00001100       emlrt_marshallOut          0000000180002100 f   m_39dYKqcIOj3tuPvS2vxNOH.obj
 0001:00001250       cgxe_mdl_get_sim_state     0000000180002250 f   m_39dYKqcIOj3tuPvS2vxNOH.obj
 0001:00001290       emlrt_marshallIn           0000000180002290 f   m_39dYKqcIOj3tuPvS2vxNOH.obj
 0001:00001360       b_emlrt_marshallIn         0000000180002360 f   m_39dYKqcIOj3tuPvS2vxNOH.obj
 0001:000013d0       c_emlrt_marshallIn         00000001800023d0 f   m_39dYKqcIOj3tuPvS2vxNOH.obj
 0001:000014b0       d_emlrt_marshallIn         00000001800024b0 f   m_39dYKqcIOj3tuPvS2vxNOH.obj
 0001:00001500       e_emlrt_marshallIn         0000000180002500 f   m_39dYKqcIOj3tuPvS2vxNOH.obj
 0001:00001570       f_emlrt_marshallIn         0000000180002570 f   m_39dYKqcIOj3tuPvS2vxNOH.obj
 0001:000015c0       cgxe_mdl_set_sim_state     00000001800025c0 f   m_39dYKqcIOj3tuPvS2vxNOH.obj
 0001:00001630       message                    0000000180002630 f   m_39dYKqcIOj3tuPvS2vxNOH.obj
 0001:000016d0       getString                  00000001800026d0 f   m_39dYKqcIOj3tuPvS2vxNOH.obj
 0001:00001740       error                      0000000180002740 f   m_39dYKqcIOj3tuPvS2vxNOH.obj
 0001:000017d0       g_emlrt_marshallIn         00000001800027d0 f   m_39dYKqcIOj3tuPvS2vxNOH.obj
 0001:00001840       h_emlrt_marshallIn         0000000180002840 f   m_39dYKqcIOj3tuPvS2vxNOH.obj
 0001:000018c0       init_simulink_io_address   00000001800028c0 f   m_39dYKqcIOj3tuPvS2vxNOH.obj
 0001:00001910       mdlOutputs_39dYKqcIOj3tuPvS2vxNOH 0000000180002910 f   m_39dYKqcIOj3tuPvS2vxNOH.obj
 0001:00001950       mdlInitialize_39dYKqcIOj3tuPvS2vxNOH 0000000180002950 f   m_39dYKqcIOj3tuPvS2vxNOH.obj
 0001:00001980       mdlUpdate_39dYKqcIOj3tuPvS2vxNOH 0000000180002980 f   m_39dYKqcIOj3tuPvS2vxNOH.obj
 0001:000019c0       getSimState_39dYKqcIOj3tuPvS2vxNOH 00000001800029c0 f   m_39dYKqcIOj3tuPvS2vxNOH.obj
 0001:00001a00       setSimState_39dYKqcIOj3tuPvS2vxNOH 0000000180002a00 f   m_39dYKqcIOj3tuPvS2vxNOH.obj
 0001:00001a40       mdlTerminate_39dYKqcIOj3tuPvS2vxNOH 0000000180002a40 f   m_39dYKqcIOj3tuPvS2vxNOH.obj
 0001:00001a80       mdlEnable_39dYKqcIOj3tuPvS2vxNOH 0000000180002a80 f   m_39dYKqcIOj3tuPvS2vxNOH.obj
 0001:00001ab0       mdlDisable_39dYKqcIOj3tuPvS2vxNOH 0000000180002ab0 f   m_39dYKqcIOj3tuPvS2vxNOH.obj
 0001:00001ae0       mdlStart_39dYKqcIOj3tuPvS2vxNOH 0000000180002ae0 f   m_39dYKqcIOj3tuPvS2vxNOH.obj
 0001:00001be0       mdlProcessParameters_39dYKqcIOj3tuPvS2vxNOH 0000000180002be0 f   m_39dYKqcIOj3tuPvS2vxNOH.obj
 0001:00001eb0       cgxe_mdl_start             0000000180002eb0 f   m_xdwqvjc2V7LaCE05bRJYlC.obj
 0001:00001f40       cgxe_mdl_initialize        0000000180002f40 f   m_xdwqvjc2V7LaCE05bRJYlC.obj
 0001:00001fc0       cgxe_mdl_outputs           0000000180002fc0 f   m_xdwqvjc2V7LaCE05bRJYlC.obj
 0001:00002040       cgxe_mdl_update            0000000180003040 f   m_xdwqvjc2V7LaCE05bRJYlC.obj
 0001:00002050       cgxe_mdl_enable            0000000180003050 f   m_xdwqvjc2V7LaCE05bRJYlC.obj
 0001:00002060       cgxe_mdl_disable           0000000180003060 f   m_xdwqvjc2V7LaCE05bRJYlC.obj
 0001:00002070       cgxe_mdl_terminate         0000000180003070 f   m_xdwqvjc2V7LaCE05bRJYlC.obj
 0001:000020c0       mw__internal__call__setup  00000001800030c0 f   m_xdwqvjc2V7LaCE05bRJYlC.obj
 0001:000021b0       SystemCore_setup           00000001800031b0 f   m_xdwqvjc2V7LaCE05bRJYlC.obj
 0001:00002460       mw__internal__call__reset  0000000180003460 f   m_xdwqvjc2V7LaCE05bRJYlC.obj
 0001:000027b0       mw__internal__call__step   00000001800037b0 f   m_xdwqvjc2V7LaCE05bRJYlC.obj
 0001:00002b70       emlrt_marshallOut          0000000180003b70 f   m_xdwqvjc2V7LaCE05bRJYlC.obj
 0001:00002cc0       cgxe_mdl_get_sim_state     0000000180003cc0 f   m_xdwqvjc2V7LaCE05bRJYlC.obj
 0001:00002d00       emlrt_marshallIn           0000000180003d00 f   m_xdwqvjc2V7LaCE05bRJYlC.obj
 0001:00002dd0       b_emlrt_marshallIn         0000000180003dd0 f   m_xdwqvjc2V7LaCE05bRJYlC.obj
 0001:00002e40       c_emlrt_marshallIn         0000000180003e40 f   m_xdwqvjc2V7LaCE05bRJYlC.obj
 0001:00002f20       d_emlrt_marshallIn         0000000180003f20 f   m_xdwqvjc2V7LaCE05bRJYlC.obj
 0001:00002f70       e_emlrt_marshallIn         0000000180003f70 f   m_xdwqvjc2V7LaCE05bRJYlC.obj
 0001:00002fe0       f_emlrt_marshallIn         0000000180003fe0 f   m_xdwqvjc2V7LaCE05bRJYlC.obj
 0001:00003030       cgxe_mdl_set_sim_state     0000000180004030 f   m_xdwqvjc2V7LaCE05bRJYlC.obj
 0001:000030a0       message                    00000001800040a0 f   m_xdwqvjc2V7LaCE05bRJYlC.obj
 0001:00003140       getString                  0000000180004140 f   m_xdwqvjc2V7LaCE05bRJYlC.obj
 0001:000031b0       error                      00000001800041b0 f   m_xdwqvjc2V7LaCE05bRJYlC.obj
 0001:00003240       g_emlrt_marshallIn         0000000180004240 f   m_xdwqvjc2V7LaCE05bRJYlC.obj
 0001:000032b0       h_emlrt_marshallIn         00000001800042b0 f   m_xdwqvjc2V7LaCE05bRJYlC.obj
 0001:00003330       init_simulink_io_address   0000000180004330 f   m_xdwqvjc2V7LaCE05bRJYlC.obj
 0001:00003380       mdlOutputs_xdwqvjc2V7LaCE05bRJYlC 0000000180004380 f   m_xdwqvjc2V7LaCE05bRJYlC.obj
 0001:000033c0       mdlInitialize_xdwqvjc2V7LaCE05bRJYlC 00000001800043c0 f   m_xdwqvjc2V7LaCE05bRJYlC.obj
 0001:000033f0       mdlUpdate_xdwqvjc2V7LaCE05bRJYlC 00000001800043f0 f   m_xdwqvjc2V7LaCE05bRJYlC.obj
 0001:00003430       getSimState_xdwqvjc2V7LaCE05bRJYlC 0000000180004430 f   m_xdwqvjc2V7LaCE05bRJYlC.obj
 0001:00003470       setSimState_xdwqvjc2V7LaCE05bRJYlC 0000000180004470 f   m_xdwqvjc2V7LaCE05bRJYlC.obj
 0001:000034b0       mdlTerminate_xdwqvjc2V7LaCE05bRJYlC 00000001800044b0 f   m_xdwqvjc2V7LaCE05bRJYlC.obj
 0001:000034f0       mdlEnable_xdwqvjc2V7LaCE05bRJYlC 00000001800044f0 f   m_xdwqvjc2V7LaCE05bRJYlC.obj
 0001:00003520       mdlDisable_xdwqvjc2V7LaCE05bRJYlC 0000000180004520 f   m_xdwqvjc2V7LaCE05bRJYlC.obj
 0001:00003550       mdlStart_xdwqvjc2V7LaCE05bRJYlC 0000000180004550 f   m_xdwqvjc2V7LaCE05bRJYlC.obj
 0001:00003650       mdlProcessParameters_xdwqvjc2V7LaCE05bRJYlC 0000000180004650 f   m_xdwqvjc2V7LaCE05bRJYlC.obj
 0001:00003920       cgxe_mdl_start             0000000180004920 f   m_1RwBF9z9PNZV0OWrc7avoE.obj
 0001:000039b0       cgxe_mdl_initialize        00000001800049b0 f   m_1RwBF9z9PNZV0OWrc7avoE.obj
 0001:00003a30       cgxe_mdl_outputs           0000000180004a30 f   m_1RwBF9z9PNZV0OWrc7avoE.obj
 0001:00003ab0       cgxe_mdl_update            0000000180004ab0 f   m_1RwBF9z9PNZV0OWrc7avoE.obj
 0001:00003ac0       cgxe_mdl_enable            0000000180004ac0 f   m_1RwBF9z9PNZV0OWrc7avoE.obj
 0001:00003ad0       cgxe_mdl_disable           0000000180004ad0 f   m_1RwBF9z9PNZV0OWrc7avoE.obj
 0001:00003ae0       cgxe_mdl_terminate         0000000180004ae0 f   m_1RwBF9z9PNZV0OWrc7avoE.obj
 0001:00003b30       mw__internal__call__setup  0000000180004b30 f   m_1RwBF9z9PNZV0OWrc7avoE.obj
 0001:00003c20       SystemCore_setup           0000000180004c20 f   m_1RwBF9z9PNZV0OWrc7avoE.obj
 0001:00003ed0       mw__internal__call__reset  0000000180004ed0 f   m_1RwBF9z9PNZV0OWrc7avoE.obj
 0001:00004220       mw__internal__call__step   0000000180005220 f   m_1RwBF9z9PNZV0OWrc7avoE.obj
 0001:000045e0       emlrt_marshallOut          00000001800055e0 f   m_1RwBF9z9PNZV0OWrc7avoE.obj
 0001:00004730       cgxe_mdl_get_sim_state     0000000180005730 f   m_1RwBF9z9PNZV0OWrc7avoE.obj
 0001:00004770       emlrt_marshallIn           0000000180005770 f   m_1RwBF9z9PNZV0OWrc7avoE.obj
 0001:00004840       b_emlrt_marshallIn         0000000180005840 f   m_1RwBF9z9PNZV0OWrc7avoE.obj
 0001:000048b0       c_emlrt_marshallIn         00000001800058b0 f   m_1RwBF9z9PNZV0OWrc7avoE.obj
 0001:00004990       d_emlrt_marshallIn         0000000180005990 f   m_1RwBF9z9PNZV0OWrc7avoE.obj
 0001:000049e0       e_emlrt_marshallIn         00000001800059e0 f   m_1RwBF9z9PNZV0OWrc7avoE.obj
 0001:00004a50       f_emlrt_marshallIn         0000000180005a50 f   m_1RwBF9z9PNZV0OWrc7avoE.obj
 0001:00004aa0       cgxe_mdl_set_sim_state     0000000180005aa0 f   m_1RwBF9z9PNZV0OWrc7avoE.obj
 0001:00004b10       message                    0000000180005b10 f   m_1RwBF9z9PNZV0OWrc7avoE.obj
 0001:00004bb0       getString                  0000000180005bb0 f   m_1RwBF9z9PNZV0OWrc7avoE.obj
 0001:00004c20       error                      0000000180005c20 f   m_1RwBF9z9PNZV0OWrc7avoE.obj
 0001:00004cb0       g_emlrt_marshallIn         0000000180005cb0 f   m_1RwBF9z9PNZV0OWrc7avoE.obj
 0001:00004d20       h_emlrt_marshallIn         0000000180005d20 f   m_1RwBF9z9PNZV0OWrc7avoE.obj
 0001:00004da0       init_simulink_io_address   0000000180005da0 f   m_1RwBF9z9PNZV0OWrc7avoE.obj
 0001:00004df0       mdlOutputs_1RwBF9z9PNZV0OWrc7avoE 0000000180005df0 f   m_1RwBF9z9PNZV0OWrc7avoE.obj
 0001:00004e30       mdlInitialize_1RwBF9z9PNZV0OWrc7avoE 0000000180005e30 f   m_1RwBF9z9PNZV0OWrc7avoE.obj
 0001:00004e60       mdlUpdate_1RwBF9z9PNZV0OWrc7avoE 0000000180005e60 f   m_1RwBF9z9PNZV0OWrc7avoE.obj
 0001:00004ea0       getSimState_1RwBF9z9PNZV0OWrc7avoE 0000000180005ea0 f   m_1RwBF9z9PNZV0OWrc7avoE.obj
 0001:00004ee0       setSimState_1RwBF9z9PNZV0OWrc7avoE 0000000180005ee0 f   m_1RwBF9z9PNZV0OWrc7avoE.obj
 0001:00004f20       mdlTerminate_1RwBF9z9PNZV0OWrc7avoE 0000000180005f20 f   m_1RwBF9z9PNZV0OWrc7avoE.obj
 0001:00004f60       mdlEnable_1RwBF9z9PNZV0OWrc7avoE 0000000180005f60 f   m_1RwBF9z9PNZV0OWrc7avoE.obj
 0001:00004f90       mdlDisable_1RwBF9z9PNZV0OWrc7avoE 0000000180005f90 f   m_1RwBF9z9PNZV0OWrc7avoE.obj
 0001:00004fc0       mdlStart_1RwBF9z9PNZV0OWrc7avoE 0000000180005fc0 f   m_1RwBF9z9PNZV0OWrc7avoE.obj
 0001:000050c0       mdlProcessParameters_1RwBF9z9PNZV0OWrc7avoE 00000001800060c0 f   m_1RwBF9z9PNZV0OWrc7avoE.obj
 0001:00005390       cgxe_mdl_start             0000000180006390 f   m_qJo9cy3En3W2FoRCrT1BKC.obj
 0001:00005420       cgxe_mdl_initialize        0000000180006420 f   m_qJo9cy3En3W2FoRCrT1BKC.obj
 0001:000054a0       cgxe_mdl_outputs           00000001800064a0 f   m_qJo9cy3En3W2FoRCrT1BKC.obj
 0001:00005520       cgxe_mdl_update            0000000180006520 f   m_qJo9cy3En3W2FoRCrT1BKC.obj
 0001:00005530       cgxe_mdl_enable            0000000180006530 f   m_qJo9cy3En3W2FoRCrT1BKC.obj
 0001:00005540       cgxe_mdl_disable           0000000180006540 f   m_qJo9cy3En3W2FoRCrT1BKC.obj
 0001:00005550       cgxe_mdl_terminate         0000000180006550 f   m_qJo9cy3En3W2FoRCrT1BKC.obj
 0001:000055a0       mw__internal__call__setup  00000001800065a0 f   m_qJo9cy3En3W2FoRCrT1BKC.obj
 0001:00005690       SystemCore_setup           0000000180006690 f   m_qJo9cy3En3W2FoRCrT1BKC.obj
 0001:00005940       mw__internal__call__reset  0000000180006940 f   m_qJo9cy3En3W2FoRCrT1BKC.obj
 0001:00005c90       mw__internal__call__step   0000000180006c90 f   m_qJo9cy3En3W2FoRCrT1BKC.obj
 0001:00006050       emlrt_marshallOut          0000000180007050 f   m_qJo9cy3En3W2FoRCrT1BKC.obj
 0001:000061a0       cgxe_mdl_get_sim_state     00000001800071a0 f   m_qJo9cy3En3W2FoRCrT1BKC.obj
 0001:000061e0       emlrt_marshallIn           00000001800071e0 f   m_qJo9cy3En3W2FoRCrT1BKC.obj
 0001:000062b0       b_emlrt_marshallIn         00000001800072b0 f   m_qJo9cy3En3W2FoRCrT1BKC.obj
 0001:00006320       c_emlrt_marshallIn         0000000180007320 f   m_qJo9cy3En3W2FoRCrT1BKC.obj
 0001:00006400       d_emlrt_marshallIn         0000000180007400 f   m_qJo9cy3En3W2FoRCrT1BKC.obj
 0001:00006450       e_emlrt_marshallIn         0000000180007450 f   m_qJo9cy3En3W2FoRCrT1BKC.obj
 0001:000064c0       f_emlrt_marshallIn         00000001800074c0 f   m_qJo9cy3En3W2FoRCrT1BKC.obj
 0001:00006510       cgxe_mdl_set_sim_state     0000000180007510 f   m_qJo9cy3En3W2FoRCrT1BKC.obj
 0001:00006580       message                    0000000180007580 f   m_qJo9cy3En3W2FoRCrT1BKC.obj
 0001:00006620       getString                  0000000180007620 f   m_qJo9cy3En3W2FoRCrT1BKC.obj
 0001:00006690       error                      0000000180007690 f   m_qJo9cy3En3W2FoRCrT1BKC.obj
 0001:00006720       g_emlrt_marshallIn         0000000180007720 f   m_qJo9cy3En3W2FoRCrT1BKC.obj
 0001:00006790       h_emlrt_marshallIn         0000000180007790 f   m_qJo9cy3En3W2FoRCrT1BKC.obj
 0001:00006810       init_simulink_io_address   0000000180007810 f   m_qJo9cy3En3W2FoRCrT1BKC.obj
 0001:00006860       mdlOutputs_qJo9cy3En3W2FoRCrT1BKC 0000000180007860 f   m_qJo9cy3En3W2FoRCrT1BKC.obj
 0001:000068a0       mdlInitialize_qJo9cy3En3W2FoRCrT1BKC 00000001800078a0 f   m_qJo9cy3En3W2FoRCrT1BKC.obj
 0001:000068d0       mdlUpdate_qJo9cy3En3W2FoRCrT1BKC 00000001800078d0 f   m_qJo9cy3En3W2FoRCrT1BKC.obj
 0001:00006910       getSimState_qJo9cy3En3W2FoRCrT1BKC 0000000180007910 f   m_qJo9cy3En3W2FoRCrT1BKC.obj
 0001:00006950       setSimState_qJo9cy3En3W2FoRCrT1BKC 0000000180007950 f   m_qJo9cy3En3W2FoRCrT1BKC.obj
 0001:00006990       mdlTerminate_qJo9cy3En3W2FoRCrT1BKC 0000000180007990 f   m_qJo9cy3En3W2FoRCrT1BKC.obj
 0001:000069d0       mdlEnable_qJo9cy3En3W2FoRCrT1BKC 00000001800079d0 f   m_qJo9cy3En3W2FoRCrT1BKC.obj
 0001:00006a00       mdlDisable_qJo9cy3En3W2FoRCrT1BKC 0000000180007a00 f   m_qJo9cy3En3W2FoRCrT1BKC.obj
 0001:00006a30       mdlStart_qJo9cy3En3W2FoRCrT1BKC 0000000180007a30 f   m_qJo9cy3En3W2FoRCrT1BKC.obj
 0001:00006b30       mdlProcessParameters_qJo9cy3En3W2FoRCrT1BKC 0000000180007b30 f   m_qJo9cy3En3W2FoRCrT1BKC.obj
[...]
 0003:000028a8       $SG20076                   000000018001d8a8     sending_app1_cgxe_registry.obj
 0003:000028c0       $SG20090                   000000018001d8c0     sending_app1_cgxe_registry.obj
 0003:000028e8       _sfcnName                  000000018001d8e8     sending_app1_cgxe_registry.obj
 0003:00002918       $SG20517                   000000018001d918     sending_app1_cgxe_registry.obj
 0003:00002930       $SG20107                   000000018001d930     sending_app1_cgxe_registry.obj
 0003:000029a8       $SG20518                   000000018001d9a8     sending_app1_cgxe_registry.obj
 0003:000029c0       $SG20112                   000000018001d9c0     sending_app1_cgxe_registry.obj
 0003:00002a38       $SG20532                   000000018001da38     sending_app1_cgxe_registry.obj
 0003:00002a48       $SG20722                   000000018001da48     sending_app1_cgxe_registry.obj
 0003:00002a88       $SG20723                   000000018001da88     sending_app1_cgxe_registry.obj
 0003:00002a98       $SG20724                   000000018001da98     sending_app1_cgxe_registry.obj
 0003:00002aa0       $SG20728                   000000018001daa0     sending_app1_cgxe_registry.obj
 0003:00002ae8       $SG20729                   000000018001dae8     sending_app1_cgxe_registry.obj
 0003:00002af8       $SG20730                   000000018001daf8     sending_app1_cgxe_registry.obj
 0003:00002b00       $SG20731                   000000018001db00     sending_app1_cgxe_registry.obj
 0003:00002b58       $SG20732                   000000018001db58     sending_app1_cgxe_registry.obj
 0003:00002b68       $SG20733                   000000018001db68     sending_app1_cgxe_registry.obj
 0003:00002b70       $SG20755                   000000018001db70     sending_app1_cgxe_registry.obj
 0003:00002bb0       $SG20756                   000000018001dbb0     sending_app1_cgxe_registry.obj
 0003:00002bc0       $SG20757                   000000018001dbc0     sending_app1_cgxe_registry.obj
 0003:00002bc8       $SG20763                   000000018001dbc8     sending_app1_cgxe_registry.obj
 0003:00002bd0       $SG20761                   000000018001dbd0     sending_app1_cgxe_registry.obj
 0003:00002c18       $SG20762                   000000018001dc18     sending_app1_cgxe_registry.obj
 0003:00002c28       $SG20766                   000000018001dc28     sending_app1_cgxe_registry.obj
 0003:00002c30       $SG20764                   000000018001dc30     sending_app1_cgxe_registry.obj
 0003:00002c88       $SG20765                   000000018001dc88     sending_app1_cgxe_registry.obj
 0003:00002c98       $SG20792                   000000018001dc98     sending_app1_cgxe_registry.obj
 0003:00002ca0       $SG20790                   000000018001dca0     sending_app1_cgxe_registry.obj
 0003:00002cf0       $SG20791                   000000018001dcf0     sending_app1_cgxe_registry.obj
 0003:00002d00       $SG20804                   000000018001dd00     sending_app1_cgxe_registry.obj
 0003:00002d60       $SG20805                   000000018001dd60     sending_app1_cgxe_registry.obj
 0003:00002d68       $SG20806                   000000018001dd68     sending_app1_cgxe_registry.obj
 0003:00002d70       $SG20818                   000000018001dd70     sending_app1_cgxe_registry.obj
 0003:00002dd0       $SG20819                   000000018001ddd0     sending_app1_cgxe_registry.obj
 0003:00002dd8       $SG20820                   000000018001ddd8     sending_app1_cgxe_registry.obj
 0003:00002de0       $SG21160                   000000018001dde0     sending_app1_cgxe_registry.obj
 0003:00002e58       $SG21782                   000000018001de58     sending_app1_cgxe_registry.obj
 0003:00002e70       $SG21163                   000000018001de70     sending_app1_cgxe_registry.obj
 0003:00002ee4       $SG21853                   000000018001dee4     sending_app1_cgxe_registry.obj
 0003:00002ef0       $SG21168                   000000018001def0     sending_app1_cgxe_registry.obj
 0003:00002f68       $SG21854                   000000018001df68     sending_app1_cgxe_registry.obj
 0003:00002f70       $SG21176                   000000018001df70     sending_app1_cgxe_registry.obj
 0003:00002fe0       $SG21451                   000000018001dfe0     sending_app1_cgxe_registry.obj
 0003:00003058       $SG21855                   000000018001e058     sending_app1_cgxe_registry.obj
 0003:00003060       $SG21456                   000000018001e060     sending_app1_cgxe_registry.obj
 0003:000030d8       $SG21861                   000000018001e0d8     sending_app1_cgxe_registry.obj
 0003:000030e0       $SG21795                   000000018001e0e0     sending_app1_cgxe_registry.obj
 0003:00003158       $SG21864                   000000018001e158     sending_app1_cgxe_registry.obj
 0003:00003160       $SG21856                   000000018001e160     sending_app1_cgxe_registry.obj
 0003:000031d8       $SG21867                   000000018001e1d8     sending_app1_cgxe_registry.obj
 0003:000031e0       $SG21858                   000000018001e1e0     sending_app1_cgxe_registry.obj
 0003:00003260       $SG21868                   000000018001e260     sending_app1_cgxe_registry.obj
 0003:000032e0       $SG21869                   000000018001e2e0     sending_app1_cgxe_registry.obj
 0003:000032f0       $SG21871                   000000018001e2f0     sending_app1_cgxe_registry.obj
 0003:000032fc       $SG21873                   000000018001e2fc     sending_app1_cgxe_registry.obj
 0003:00003304       $SG21875                   000000018001e304     sending_app1_cgxe_registry.obj
 0003:00003310       $SG21877                   000000018001e310     sending_app1_cgxe_registry.obj
 0003:00003320       $SG21882                   000000018001e320     sending_app1_cgxe_registry.obj
 0003:00003408       $SG22000                   000000018001e408     sending_app1_cgxe_registry.obj
 0003:00003438       $SG22001                   000000018001e438     sending_app1_cgxe_registry.obj
 0003:00003448       $SG22002                   000000018001e448     sending_app1_cgxe_registry.obj
 0003:00003450       $SG22004                   000000018001e450     sending_app1_cgxe_registry.obj
 0003:00003488       $SG22005                   000000018001e488     sending_app1_cgxe_registry.obj
 0003:00003498       $SG22006                   000000018001e498     sending_app1_cgxe_registry.obj
 0003:000034a0       $SG22009                   000000018001e4a0     sending_app1_cgxe_registry.obj
 0003:000034d8       $SG22010                   000000018001e4d8     sending_app1_cgxe_registry.obj
 0003:000034e8       $SG22011                   000000018001e4e8     sending_app1_cgxe_registry.obj
 0003:000034f0       $SG22013                   000000018001e4f0     sending_app1_cgxe_registry.obj
 0003:00003528       $SG22014                   000000018001e528     sending_app1_cgxe_registry.obj
 0003:00003538       $SG22015                   000000018001e538     sending_app1_cgxe_registry.obj
 0003:00003540       $SG22017                   000000018001e540     sending_app1_cgxe_registry.obj
 0003:00003578       $SG22018                   000000018001e578     sending_app1_cgxe_registry.obj
 0003:00003588       $SG22019                   000000018001e588     sending_app1_cgxe_registry.obj
 0003:00003590       $SG22022                   000000018001e590     sending_app1_cgxe_registry.obj
 0003:000035a8       $SG22024                   000000018001e5a8     sending_app1_cgxe_registry.obj
 0003:000035c0       $SG22025                   000000018001e5c0     sending_app1_cgxe_registry.obj
 0003:000035f8       $SG22026                   000000018001e5f8     sending_app1_cgxe_registry.obj
 0003:00003608       $SG22027                   000000018001e608     sending_app1_cgxe_registry.obj
 0003:00003610       $SG22162                   000000018001e610     sending_app1_cgxe_registry.obj
 0003:00003630       $SG22163                   000000018001e630     sending_app1_cgxe_registry.obj
 0003:000036c0       $SG22169                   000000018001e6c0     sending_app1_cgxe_registry.obj
 0003:000036d8       $SG22176                   000000018001e6d8     sending_app1_cgxe_registry.obj
 0003:000036f0       $SG22170                   000000018001e6f0     sending_app1_cgxe_registry.obj
 0003:00003780       $SG22177                   000000018001e780     sending_app1_cgxe_registry.obj
 0003:00003810       $SG22183                   000000018001e810     sending_app1_cgxe_registry.obj
 0003:00003830       $SG22184                   000000018001e830     sending_app1_cgxe_registry.obj
 0003:000038c0       $SG22190                   000000018001e8c0     sending_app1_cgxe_registry.obj
 0003:000038e0       $SG22191                   000000018001e8e0     sending_app1_cgxe_registry.obj
 0003:00003970       $SG22195                   000000018001e970     sending_app1_cgxe_registry.obj
 0003:00003990       $SG22196                   000000018001e990     sending_app1_cgxe_registry.obj
 0003:00003a20       $SG22200                   000000018001ea20     sending_app1_cgxe_registry.obj
 0003:00003a48       $SG22205                   000000018001ea48     sending_app1_cgxe_registry.obj
 0003:00003a70       $SG22201                   000000018001ea70     sending_app1_cgxe_registry.obj
 0003:00003b00       $SG22206                   000000018001eb00     sending_app1_cgxe_registry.obj
 0003:00003b90       $SG22210                   000000018001eb90     sending_app1_cgxe_registry.obj
 0003:00003bb0       $SG22211                   000000018001ebb0     sending_app1_cgxe_registry.obj
 0003:00003c40       $SG22215                   000000018001ec40     sending_app1_cgxe_registry.obj
 0003:00003c60       $SG22216                   000000018001ec60     sending_app1_cgxe_registry.obj
 0003:00003cf0       $SG22220                   000000018001ecf0     sending_app1_cgxe_registry.obj
 0003:00003d08       $SG22256                   000000018001ed08     sending_app1_cgxe_registry.obj
 0003:00003d20       $SG22221                   000000018001ed20     sending_app1_cgxe_registry.obj
 0003:00003db0       $SG22225                   000000018001edb0     sending_app1_cgxe_registry.obj
 0003:00003dd0       $SG22226                   000000018001edd0     sending_app1_cgxe_registry.obj
 0003:00003e60       $SG22230                   000000018001ee60     sending_app1_cgxe_registry.obj
 0003:00003e80       $SG22231                   000000018001ee80     sending_app1_cgxe_registry.obj
 0003:00003f10       $SG22235                   000000018001ef10     sending_app1_cgxe_registry.obj
 0003:00003f30       $SG22236                   000000018001ef30     sending_app1_cgxe_registry.obj
 0003:00003fc0       $SG22240                   000000018001efc0     sending_app1_cgxe_registry.obj
 0003:00003fe0       $SG22241                   000000018001efe0     sending_app1_cgxe_registry.obj
 0003:00004070       $SG22245                   000000018001f070     sending_app1_cgxe_registry.obj
 0003:00004090       $SG22246                   000000018001f090     sending_app1_cgxe_registry.obj
 0003:00004120       $SG22250                   000000018001f120     sending_app1_cgxe_registry.obj
 0003:00004140       $SG22251                   000000018001f140     sending_app1_cgxe_registry.obj
 0003:000041d0       $SG22257                   000000018001f1d0     sending_app1_cgxe_registry.obj
 0003:00004260       $SG22262                   000000018001f260     sending_app1_cgxe_registry.obj
 0003:00004278       $SG22272                   000000018001f278     sending_app1_cgxe_registry.obj
 0003:00004290       $SG22263                   000000018001f290     sending_app1_cgxe_registry.obj
 0003:00004320       $SG22267                   000000018001f320     sending_app1_cgxe_registry.obj
 0003:00004330       $SG22268                   000000018001f330     sending_app1_cgxe_registry.obj
 0003:000043c0       $SG22273                   000000018001f3c0     sending_app1_cgxe_registry.obj
 0003:00004450       $SG22281                   000000018001f450     sending_app1_cgxe_registry.obj
 0003:00004460       $SG22282                   000000018001f460     sending_app1_cgxe_registry.obj
 0003:000044f0       $SG22286                   000000018001f4f0     sending_app1_cgxe_registry.obj
 0003:00004570       $SG22288                   000000018001f570     sending_app1_cgxe_registry.obj
 0003:000045f0       $SG22292                   000000018001f5f0     sending_app1_cgxe_registry.obj
 0003:00004670       $SG22322                   000000018001f670     sending_app1_cgxe_registry.obj
 0003:00004788       $SG22335                   000000018001f788     sending_app1_cgxe_registry.obj
 0003:00004798       $SG22346                   000000018001f798     sending_app1_cgxe_registry.obj
 0003:000047a8       $SG22359                   000000018001f7a8     sending_app1_cgxe_registry.obj
 0003:000047b8       $SG22370                   000000018001f7b8     sending_app1_cgxe_registry.obj
 0003:000047c8       $SG22383                   000000018001f7c8     sending_app1_cgxe_registry.obj
 0003:000047d8       $SG22394                   000000018001f7d8     sending_app1_cgxe_registry.obj
 0003:000047e8       $SG22404                   000000018001f7e8     sending_app1_cgxe_registry.obj
 0003:00004850       $SG20464                   000000018001f850     m_39dYKqcIOj3tuPvS2vxNOH.obj
 0003:00004851       $SG20465                   000000018001f851     m_39dYKqcIOj3tuPvS2vxNOH.obj
 0003:00004852       $SG20467                   000000018001f852     m_39dYKqcIOj3tuPvS2vxNOH.obj
 0003:00004853       $SG20468                   000000018001f853     m_39dYKqcIOj3tuPvS2vxNOH.obj
 0003:00004854       $SG20470                   000000018001f854     m_39dYKqcIOj3tuPvS2vxNOH.obj
 0003:00004855       $SG20471                   000000018001f855     m_39dYKqcIOj3tuPvS2vxNOH.obj
 0003:00004856       $SG20473                   000000018001f856     m_39dYKqcIOj3tuPvS2vxNOH.obj
 0003:00004857       $SG20474                   000000018001f857     m_39dYKqcIOj3tuPvS2vxNOH.obj
 0003:00004858       $SG20464                   000000018001f858     m_xdwqvjc2V7LaCE05bRJYlC.obj
 0003:00004859       $SG20465                   000000018001f859     m_xdwqvjc2V7LaCE05bRJYlC.obj
 0003:0000485a       $SG20467                   000000018001f85a     m_xdwqvjc2V7LaCE05bRJYlC.obj
 0003:0000485b       $SG20468                   000000018001f85b     m_xdwqvjc2V7LaCE05bRJYlC.obj
 0003:0000485c       $SG20470                   000000018001f85c     m_xdwqvjc2V7LaCE05bRJYlC.obj
 0003:0000485d       $SG20471                   000000018001f85d     m_xdwqvjc2V7LaCE05bRJYlC.obj
 0003:0000485e       $SG20473                   000000018001f85e     m_xdwqvjc2V7LaCE05bRJYlC.obj
 0003:0000485f       $SG20474                   000000018001f85f     m_xdwqvjc2V7LaCE05bRJYlC.obj
 0003:00004860       $SG20464                   000000018001f860     m_1RwBF9z9PNZV0OWrc7avoE.obj
 0003:00004861       $SG20465                   000000018001f861     m_1RwBF9z9PNZV0OWrc7avoE.obj
 0003:00004862       $SG20467                   000000018001f862     m_1RwBF9z9PNZV0OWrc7avoE.obj
 0003:00004863       $SG20468                   000000018001f863     m_1RwBF9z9PNZV0OWrc7avoE.obj
 0003:00004864       $SG20470                   000000018001f864     m_1RwBF9z9PNZV0OWrc7avoE.obj
 0003:00004865       $SG20471                   000000018001f865     m_1RwBF9z9PNZV0OWrc7avoE.obj
 0003:00004866       $SG20473                   000000018001f866     m_1RwBF9z9PNZV0OWrc7avoE.obj
 0003:00004867       $SG20474                   000000018001f867     m_1RwBF9z9PNZV0OWrc7avoE.obj
 0003:00004868       $SG20464                   000000018001f868     m_qJo9cy3En3W2FoRCrT1BKC.obj
 0003:00004869       $SG20465                   000000018001f869     m_qJo9cy3En3W2FoRCrT1BKC.obj
 0003:0000486a       $SG20467                   000000018001f86a     m_qJo9cy3En3W2FoRCrT1BKC.obj
 0003:0000486b       $SG20468                   000000018001f86b     m_qJo9cy3En3W2FoRCrT1BKC.obj
 0003:0000486c       $SG20470                   000000018001f86c     m_qJo9cy3En3W2FoRCrT1BKC.obj
 0003:0000486d       $SG20471                   000000018001f86d     m_qJo9cy3En3W2FoRCrT1BKC.obj
 0003:0000486e       $SG20473                   000000018001f86e     m_qJo9cy3En3W2FoRCrT1BKC.obj
 0003:0000486f       $SG20474                   000000018001f86f     m_qJo9cy3En3W2FoRCrT1BKC.obj
 0003:00004870       $SG20464                   000000018001f870     m_jqQlM94CMO87LGlwjb1OO.obj
 0003:00004871       $SG20465                   000000018001f871     m_jqQlM94CMO87LGlwjb1OO.obj
 0003:00004872       $SG20467                   000000018001f872     m_jqQlM94CMO87LGlwjb1OO.obj
 0003:00004873       $SG20468                   000000018001f873     m_jqQlM94CMO87LGlwjb1OO.obj
 0003:00004874       $SG20470                   000000018001f874     m_jqQlM94CMO87LGlwjb1OO.obj
 0003:00004875       $SG20471                   000000018001f875     m_jqQlM94CMO87LGlwjb1OO.obj
 0003:00004876       $SG20473                   000000018001f876     m_jqQlM94CMO87LGlwjb1OO.obj
 0003:00004877       $SG20474                   000000018001f877     m_jqQlM94CMO87LGlwjb1OO.obj
 0003:00004878       $SG20469                   000000018001f878     m_BEVhzztUAu7LIJpT1x8IZC.obj
 0003:00004879       $SG20470                   000000018001f879     m_BEVhzztUAu7LIJpT1x8IZC.obj
 0003:0000487a       $SG20472                   000000018001f87a     m_BEVhzztUAu7LIJpT1x8IZC.obj
 0003:0000487b       $SG20473                   000000018001f87b     m_BEVhzztUAu7LIJpT1x8IZC.obj
 0003:0000487c       $SG20475                   000000018001f87c     m_BEVhzztUAu7LIJpT1x8IZC.obj
 0003:0000487d       $SG20476                   000000018001f87d     m_BEVhzztUAu7LIJpT1x8IZC.obj
 0003:0000487e       $SG20478                   000000018001f87e     m_BEVhzztUAu7LIJpT1x8IZC.obj
 0003:0000487f       $SG20479                   000000018001f87f     m_BEVhzztUAu7LIJpT1x8IZC.obj
 0003:00004880       $SG20481                   000000018001f880     m_BEVhzztUAu7LIJpT1x8IZC.obj
 0003:00004881       $SG20482                   000000018001f881     m_BEVhzztUAu7LIJpT1x8IZC.obj
 0003:00004882       $SG20464                   000000018001f882     m_fRmvTxZe2uD9E1EgoghCq.obj
 0003:00004883       $SG20465                   000000018001f883     m_fRmvTxZe2uD9E1EgoghCq.obj
 0003:00004884       $SG20467                   000000018001f884     m_fRmvTxZe2uD9E1EgoghCq.obj
 0003:00004885       $SG20468                   000000018001f885     m_fRmvTxZe2uD9E1EgoghCq.obj
 0003:00004886       $SG20470                   000000018001f886     m_fRmvTxZe2uD9E1EgoghCq.obj
 0003:00004887       $SG20471                   000000018001f887     m_fRmvTxZe2uD9E1EgoghCq.obj
 0003:00004888       $SG20473                   000000018001f888     m_fRmvTxZe2uD9E1EgoghCq.obj
 0003:00004889       $SG20474                   000000018001f889     m_fRmvTxZe2uD9E1EgoghCq.obj
 0003:0000488c       $SG21849                   000000018001f88c     sending_app1_cgxe_registry.obj
 0003:00004890       GS_ExceptionRecord         000000018001f890     MSVCRT:gs_report.obj
 0003:00004930       GS_ContextRecord           000000018001f930     MSVCRT:gs_report.obj
 0003:00004e00       ?__proc_attached@@3HA      000000018001fe00     MSVCRT:dll_dllmain.obj
 0003:00004e40       ?is_initialized_as_dll@@3_NA 000000018001fe40     MSVCRT:utility.obj
 0003:00004e41       ?module_local_atexit_table_initialized@@3_NA 000000018001fe41     MSVCRT:utility.obj
 0003:00004e48       ?module_local_atexit_table@@3U_onexit_table_t@@A 000000018001fe48     MSVCRT:utility.obj
 0003:00004e60       ?module_local_at_quick_exit_table@@3U_onexit_table_t@@A 000000018001fe60     MSVCRT:utility.obj
